Sep 28 12:27:10 vm-alarm kernel: [    0.000000] Linux version 5.19.0-41-generic (buildd@lcy02-amd64-045) (x86_64-linux-gnu-gcc (Ubuntu 11.3.0-1ubuntu1~22.04.1) 11.3.0, GNU ld (GNU Binutils for Ubuntu) 2.38) #42~22.04.1-Ubuntu SMP PREEMPT_DYNAMIC Tue Apr 18 17:40:00 UTC 2 (Ubuntu 5.19.0-41.42~22.04.1-generic 5.19.17)
Sep 28 12:27:10 vm-alarm kernel: [    0.000000] Command line: BOOT_IMAGE=/boot/vmlinuz-5.19.0-41-generic root=UUID=471e805d-a065-4214-8d2e-470a01f713bb ro quiet splash
Sep 28 12:27:10 vm-alarm kernel: [    0.000000] KERNEL supported cpus:
Sep 28 12:27:10 vm-alarm kernel: [    0.000000]   Intel GenuineIntel
Sep 28 12:27:10 vm-alarm kernel: [    0.000000]   AMD AuthenticAMD
Sep 28 12:27:10 vm-alarm kernel: [    0.000000]   Hygon HygonGenuine
Sep 28 12:27:10 vm-alarm kernel: [    0.000000]   Centaur CentaurHauls
Sep 28 12:27:10 vm-alarm kernel: [    0.000000]   zhaoxin   Shanghai  
Sep 28 12:27:10 vm-alarm kernel: [    0.000000] x86/fpu: Supporting XSAVE feature 0x001: 'x87 floating point registers'
Sep 28 12:27:10 vm-alarm kernel: [    0.000000] x86/fpu: Supporting XSAVE feature 0x002: 'SSE registers'
Sep 28 12:27:10 vm-alarm kernel: [    0.000000] x86/fpu: Supporting XSAVE feature 0x004: 'AVX registers'
Sep 28 12:27:10 vm-alarm kernel: [    0.000000] x86/fpu: xstate_offset[2]:  576, xstate_sizes[2]:  256
Sep 28 12:27:10 vm-alarm kernel: [    0.000000] x86/fpu: Enabled xstate features 0x7, context size is 832 bytes, using 'standard' format.
Sep 28 12:27:10 vm-alarm kernel: [    0.000000] signal: max sigframe size: 1776
Sep 28 12:27:10 vm-alarm kernel: [    0.000000] BIOS-provided physical RAM map:
Sep 28 12:27:10 vm-alarm kernel: [    0.000000] BIOS-e820: [mem 0x0000000000000000-0x000000000009fbff] usable
Sep 28 12:27:10 vm-alarm kernel: [    0.000000] BIOS-e820: [mem 0x000000000009fc00-0x000000000009ffff] reserved
Sep 28 12:27:10 vm-alarm kernel: [    0.000000] BIOS-e820: [mem 0x00000000000f0000-0x00000000000fffff] reserved
Sep 28 12:27:10 vm-alarm kernel: [    0.000000] BIOS-e820: [mem 0x0000000000100000-0x00000000dffeffff] usable
Sep 28 12:27:10 vm-alarm kernel: [    0.000000] BIOS-e820: [mem 0x00000000dfff0000-0x00000000dfffffff] ACPI data
Sep 28 12:27:10 vm-alarm kernel: [    0.000000] BIOS-e820: [mem 0x00000000fec00000-0x00000000fec00fff] reserved
Sep 28 12:27:10 vm-alarm kernel: [    0.000000] BIOS-e820: [mem 0x00000000fee00000-0x00000000fee00fff] reserved
Sep 28 12:27:10 vm-alarm kernel: [    0.000000] BIOS-e820: [mem 0x00000000fffc0000-0x00000000ffffffff] reserved
Sep 28 12:27:10 vm-alarm kernel: [    0.000000] BIOS-e820: [mem 0x0000000100000000-0x000000031fffffff] usable
Sep 28 12:27:10 vm-alarm kernel: [    0.000000] NX (Execute Disable) protection: active
Sep 28 12:27:10 vm-alarm kernel: [    0.000000] SMBIOS 2.5 present.
Sep 28 12:27:10 vm-alarm kernel: [    0.000000] DMI: innotek GmbH VirtualBox/VirtualBox, BIOS VirtualBox 12/01/2006
Sep 28 12:27:10 vm-alarm kernel: [    0.000000] Hypervisor detected: KVM
Sep 28 12:27:10 vm-alarm kernel: [    0.000000] kvm-clock: Using msrs 4b564d01 and 4b564d00
Sep 28 12:27:10 vm-alarm kernel: [    0.000002] kvm-clock: using sched offset of 7191272818 cycles
Sep 28 12:27:10 vm-alarm kernel: [    0.000005] clocksource: kvm-clock: mask: 0xffffffffffffffff max_cycles: 0x1cd42e4dffb, max_idle_ns: 881590591483 ns
Sep 28 12:27:10 vm-alarm kernel: [    0.000008] tsc: Detected 2591.998 MHz processor
Sep 28 12:27:10 vm-alarm kernel: [    0.002335] e820: update [mem 0x00000000-0x00000fff] usable ==> reserved
Sep 28 12:27:10 vm-alarm kernel: [    0.002340] e820: remove [mem 0x000a0000-0x000fffff] usable
Sep 28 12:27:10 vm-alarm kernel: [    0.002347] last_pfn = 0x320000 max_arch_pfn = 0x400000000
Sep 28 12:27:10 vm-alarm kernel: [    0.002360] Disabled
Sep 28 12:27:10 vm-alarm kernel: [    0.002361] x86/PAT: MTRRs disabled, skipping PAT initialization too.
Sep 28 12:27:10 vm-alarm kernel: [    0.002363] CPU MTRRs all blank - virtualized system.
Sep 28 12:27:10 vm-alarm kernel: [    0.002366] x86/PAT: Configuration [0-7]: WB  WT  UC- UC  WB  WT  UC- UC  
Sep 28 12:27:10 vm-alarm kernel: [    0.002371] last_pfn = 0xdfff0 max_arch_pfn = 0x400000000
Sep 28 12:27:10 vm-alarm kernel: [    0.002417] found SMP MP-table at [mem 0x0009fff0-0x0009ffff]
Sep 28 12:27:10 vm-alarm kernel: [    0.003213] RAMDISK: [mem 0x2f4a3000-0x33a48fff]
Sep 28 12:27:10 vm-alarm kernel: [    0.003220] ACPI: Early table checksum verification disabled
Sep 28 12:27:10 vm-alarm kernel: [    0.003223] ACPI: RSDP 0x00000000000E0000 000024 (v02 VBOX  )
Sep 28 12:27:10 vm-alarm kernel: [    0.003240] ACPI: XSDT 0x00000000DFFF0030 00003C (v01 VBOX   VBOXXSDT 00000001 ASL  00000061)
Sep 28 12:27:10 vm-alarm kernel: [    0.003246] ACPI: FACP 0x00000000DFFF00F0 0000F4 (v04 VBOX   VBOXFACP 00000001 ASL  00000061)
Sep 28 12:27:10 vm-alarm kernel: [    0.003254] ACPI: DSDT 0x00000000DFFF0630 002353 (v02 VBOX   VBOXBIOS 00000002 INTL 20100528)
Sep 28 12:27:10 vm-alarm kernel: [    0.003258] ACPI: FACS 0x00000000DFFF0200 000040
Sep 28 12:27:10 vm-alarm kernel: [    0.003262] ACPI: FACS 0x00000000DFFF0200 000040
Sep 28 12:27:10 vm-alarm kernel: [    0.003265] ACPI: APIC 0x00000000DFFF0240 00007C (v02 VBOX   VBOXAPIC 00000001 ASL  00000061)
Sep 28 12:27:10 vm-alarm kernel: [    0.003270] ACPI: SSDT 0x00000000DFFF02C0 00036C (v01 VBOX   VBOXCPUT 00000002 INTL 20100528)
Sep 28 12:27:10 vm-alarm kernel: [    0.003273] ACPI: Reserving FACP table memory at [mem 0xdfff00f0-0xdfff01e3]
Sep 28 12:27:10 vm-alarm kernel: [    0.003275] ACPI: Reserving DSDT table memory at [mem 0xdfff0630-0xdfff2982]
Sep 28 12:27:10 vm-alarm kernel: [    0.003276] ACPI: Reserving FACS table memory at [mem 0xdfff0200-0xdfff023f]
Sep 28 12:27:10 vm-alarm kernel: [    0.003277] ACPI: Reserving FACS table memory at [mem 0xdfff0200-0xdfff023f]
Sep 28 12:27:10 vm-alarm kernel: [    0.003278] ACPI: Reserving APIC table memory at [mem 0xdfff0240-0xdfff02bb]
Sep 28 12:27:10 vm-alarm kernel: [    0.003280] ACPI: Reserving SSDT table memory at [mem 0xdfff02c0-0xdfff062b]
Sep 28 12:27:10 vm-alarm kernel: [    0.003733] No NUMA configuration found
Sep 28 12:27:10 vm-alarm kernel: [    0.003734] Faking a node at [mem 0x0000000000000000-0x000000031fffffff]
Sep 28 12:27:10 vm-alarm kernel: [    0.003743] NODE_DATA(0) allocated [mem 0x31ffcd000-0x31fff7fff]
Sep 28 12:27:10 vm-alarm kernel: [    0.004222] Zone ranges:
Sep 28 12:27:10 vm-alarm kernel: [    0.004223]   DMA      [mem 0x0000000000001000-0x0000000000ffffff]
Sep 28 12:27:10 vm-alarm kernel: [    0.004225]   DMA32    [mem 0x0000000001000000-0x00000000ffffffff]
Sep 28 12:27:10 vm-alarm kernel: [    0.004227]   Normal   [mem 0x0000000100000000-0x000000031fffffff]
Sep 28 12:27:10 vm-alarm kernel: [    0.004229]   Device   empty
Sep 28 12:27:10 vm-alarm kernel: [    0.004231] Movable zone start for each node
Sep 28 12:27:10 vm-alarm kernel: [    0.004233] Early memory node ranges
Sep 28 12:27:10 vm-alarm kernel: [    0.004234]   node   0: [mem 0x0000000000001000-0x000000000009efff]
Sep 28 12:27:10 vm-alarm kernel: [    0.004235]   node   0: [mem 0x0000000000100000-0x00000000dffeffff]
Sep 28 12:27:10 vm-alarm kernel: [    0.004237]   node   0: [mem 0x0000000100000000-0x000000031fffffff]
Sep 28 12:27:10 vm-alarm kernel: [    0.004240] Initmem setup node 0 [mem 0x0000000000001000-0x000000031fffffff]
Sep 28 12:27:10 vm-alarm kernel: [    0.004301] On node 0, zone DMA: 1 pages in unavailable ranges
Sep 28 12:27:10 vm-alarm kernel: [    0.004337] On node 0, zone DMA: 97 pages in unavailable ranges
Sep 28 12:27:10 vm-alarm kernel: [    0.053066] On node 0, zone Normal: 16 pages in unavailable ranges
Sep 28 12:27:10 vm-alarm kernel: [    0.053560] ACPI: PM-Timer IO Port: 0x4008
Sep 28 12:27:10 vm-alarm kernel: [    0.053644] IOAPIC[0]: apic_id 6, version 32, address 0xfec00000, GSI 0-23
Sep 28 12:27:10 vm-alarm kernel: [    0.053648] ACPI: INT_SRC_OVR (bus 0 bus_irq 0 global_irq 2 dfl dfl)
Sep 28 12:27:10 vm-alarm kernel: [    0.053650] ACPI: INT_SRC_OVR (bus 0 bus_irq 9 global_irq 9 low level)
Sep 28 12:27:10 vm-alarm kernel: [    0.053655] ACPI: Using ACPI (MADT) for SMP configuration information
Sep 28 12:27:10 vm-alarm kernel: [    0.053662] smpboot: Allowing 6 CPUs, 0 hotplug CPUs
Sep 28 12:27:10 vm-alarm kernel: [    0.053683] PM: hibernation: Registered nosave memory: [mem 0x00000000-0x00000fff]
Sep 28 12:27:10 vm-alarm kernel: [    0.053686] PM: hibernation: Registered nosave memory: [mem 0x0009f000-0x0009ffff]
Sep 28 12:27:10 vm-alarm kernel: [    0.053687] PM: hibernation: Registered nosave memory: [mem 0x000a0000-0x000effff]
Sep 28 12:27:10 vm-alarm kernel: [    0.053688] PM: hibernation: Registered nosave memory: [mem 0x000f0000-0x000fffff]
Sep 28 12:27:10 vm-alarm kernel: [    0.053690] PM: hibernation: Registered nosave memory: [mem 0xdfff0000-0xdfffffff]
Sep 28 12:27:10 vm-alarm kernel: [    0.053691] PM: hibernation: Registered nosave memory: [mem 0xe0000000-0xfebfffff]
Sep 28 12:27:10 vm-alarm kernel: [    0.053692] PM: hibernation: Registered nosave memory: [mem 0xfec00000-0xfec00fff]
Sep 28 12:27:10 vm-alarm kernel: [    0.053693] PM: hibernation: Registered nosave memory: [mem 0xfec01000-0xfedfffff]
Sep 28 12:27:10 vm-alarm kernel: [    0.053694] PM: hibernation: Registered nosave memory: [mem 0xfee00000-0xfee00fff]
Sep 28 12:27:10 vm-alarm kernel: [    0.053695] PM: hibernation: Registered nosave memory: [mem 0xfee01000-0xfffbffff]
Sep 28 12:27:10 vm-alarm kernel: [    0.053696] PM: hibernation: Registered nosave memory: [mem 0xfffc0000-0xffffffff]
Sep 28 12:27:10 vm-alarm kernel: [    0.053698] [mem 0xe0000000-0xfebfffff] available for PCI devices
Sep 28 12:27:10 vm-alarm kernel: [    0.053699] Booting paravirtualized kernel on KVM
Sep 28 12:27:10 vm-alarm kernel: [    0.053701] clocksource: refined-jiffies: mask: 0xffffffff max_cycles: 0xffffffff, max_idle_ns: 7645519600211568 ns
Sep 28 12:27:10 vm-alarm kernel: [    0.053708] setup_percpu: NR_CPUS:8192 nr_cpumask_bits:6 nr_cpu_ids:6 nr_node_ids:1
Sep 28 12:27:10 vm-alarm kernel: [    0.053895] percpu: Embedded 61 pages/cpu s212992 r8192 d28672 u262144
Sep 28 12:27:10 vm-alarm kernel: [    0.053902] pcpu-alloc: s212992 r8192 d28672 u262144 alloc=1*2097152
Sep 28 12:27:10 vm-alarm kernel: [    0.053905] pcpu-alloc: [0] 0 1 2 3 4 5 - - 
Sep 28 12:27:10 vm-alarm kernel: [    0.053937] kvm-guest: PV spinlocks enabled
Sep 28 12:27:10 vm-alarm kernel: [    0.053940] PV qspinlock hash table entries: 256 (order: 0, 4096 bytes, linear)
Sep 28 12:27:10 vm-alarm kernel: [    0.053946] Fallback order for Node 0: 0 
Sep 28 12:27:10 vm-alarm kernel: [    0.053949] Built 1 zonelists, mobility grouping on.  Total pages: 3096304
Sep 28 12:27:10 vm-alarm kernel: [    0.053951] Policy zone: Normal
Sep 28 12:27:10 vm-alarm kernel: [    0.053952] Kernel command line: BOOT_IMAGE=/boot/vmlinuz-5.19.0-41-generic root=UUID=471e805d-a065-4214-8d2e-470a01f713bb ro quiet splash
Sep 28 12:27:10 vm-alarm kernel: [    0.054034] Unknown kernel command line parameters "splash BOOT_IMAGE=/boot/vmlinuz-5.19.0-41-generic", will be passed to user space.
Sep 28 12:27:10 vm-alarm kernel: [    0.055172] Dentry cache hash table entries: 2097152 (order: 12, 16777216 bytes, linear)
Sep 28 12:27:10 vm-alarm kernel: [    0.055701] Inode-cache hash table entries: 1048576 (order: 11, 8388608 bytes, linear)
Sep 28 12:27:10 vm-alarm kernel: [    0.055803] mem auto-init: stack:off, heap alloc:on, heap free:off
Sep 28 12:27:10 vm-alarm kernel: [    0.087219] Memory: 12175904K/12582456K available (18440K kernel code, 4052K rwdata, 11300K rodata, 3164K init, 4908K bss, 406292K reserved, 0K cma-reserved)
Sep 28 12:27:10 vm-alarm kernel: [    0.088224] SLUB: HWalign=64, Order=0-3, MinObjects=0, CPUs=6, Nodes=1
Sep 28 12:27:10 vm-alarm kernel: [    0.088265] Kernel/User page tables isolation: enabled
Sep 28 12:27:10 vm-alarm kernel: [    0.088288] ftrace: allocating 52226 entries in 205 pages
Sep 28 12:27:10 vm-alarm kernel: [    0.098150] ftrace: allocated 205 pages with 5 groups
Sep 28 12:27:10 vm-alarm kernel: [    0.098982] Dynamic Preempt: voluntary
Sep 28 12:27:10 vm-alarm kernel: [    0.099139] rcu: Preemptible hierarchical RCU implementation.
Sep 28 12:27:10 vm-alarm kernel: [    0.099141] rcu: 	RCU restricting CPUs from NR_CPUS=8192 to nr_cpu_ids=6.
Sep 28 12:27:10 vm-alarm kernel: [    0.099143] 	Trampoline variant of Tasks RCU enabled.
Sep 28 12:27:10 vm-alarm kernel: [    0.099144] 	Rude variant of Tasks RCU enabled.
Sep 28 12:27:10 vm-alarm kernel: [    0.099145] 	Tracing variant of Tasks RCU enabled.
Sep 28 12:27:10 vm-alarm kernel: [    0.099146] rcu: RCU calculated value of scheduler-enlistment delay is 25 jiffies.
Sep 28 12:27:10 vm-alarm kernel: [    0.099147] rcu: Adjusting geometry for rcu_fanout_leaf=16, nr_cpu_ids=6
Sep 28 12:27:10 vm-alarm kernel: [    0.105664] NR_IRQS: 524544, nr_irqs: 472, preallocated irqs: 16
Sep 28 12:27:10 vm-alarm kernel: [    0.105891] rcu: srcu_init: Setting srcu_struct sizes based on contention.
Sep 28 12:27:10 vm-alarm kernel: [    0.106071] random: crng init done
Sep 28 12:27:10 vm-alarm kernel: [    0.118134] Console: colour VGA+ 80x25
Sep 28 12:27:10 vm-alarm kernel: [    0.118153] printk: console [tty0] enabled
Sep 28 12:27:10 vm-alarm kernel: [    0.118180] ACPI: Core revision 20220331
Sep 28 12:27:10 vm-alarm kernel: [    0.118365] APIC: Switch to symmetric I/O mode setup
Sep 28 12:27:10 vm-alarm kernel: [    0.118717] x2apic enabled
Sep 28 12:27:10 vm-alarm kernel: [    0.119122] Switched APIC routing to physical x2apic.
Sep 28 12:27:10 vm-alarm kernel: [    0.120559] ..TIMER: vector=0x30 apic1=0 pin1=2 apic2=-1 pin2=-1
Sep 28 12:27:10 vm-alarm kernel: [    0.120591] clocksource: tsc-early: mask: 0xffffffffffffffff max_cycles: 0x255cb518234, max_idle_ns: 440795279333 ns
Sep 28 12:27:10 vm-alarm kernel: [    0.120598] Calibrating delay loop (skipped) preset value.. 5183.99 BogoMIPS (lpj=10367992)
Sep 28 12:27:10 vm-alarm kernel: [    0.120601] pid_max: default: 32768 minimum: 301
Sep 28 12:27:10 vm-alarm kernel: [    0.120631] LSM: Security Framework initializing
Sep 28 12:27:10 vm-alarm kernel: [    0.120643] landlock: Up and running.
Sep 28 12:27:10 vm-alarm kernel: [    0.120644] Yama: becoming mindful.
Sep 28 12:27:10 vm-alarm kernel: [    0.120668] AppArmor: AppArmor initialized
Sep 28 12:27:10 vm-alarm kernel: [    0.120713] Mount-cache hash table entries: 32768 (order: 6, 262144 bytes, linear)
Sep 28 12:27:10 vm-alarm kernel: [    0.120732] Mountpoint-cache hash table entries: 32768 (order: 6, 262144 bytes, linear)
Sep 28 12:27:10 vm-alarm kernel: [    0.121079] Last level iTLB entries: 4KB 64, 2MB 8, 4MB 8
Sep 28 12:27:10 vm-alarm kernel: [    0.121082] Last level dTLB entries: 4KB 64, 2MB 0, 4MB 0, 1GB 4
Sep 28 12:27:10 vm-alarm kernel: [    0.121087] Spectre V1 : Mitigation: usercopy/swapgs barriers and __user pointer sanitization
Sep 28 12:27:10 vm-alarm kernel: [    0.121089] Spectre V2 : Mitigation: Retpolines
Sep 28 12:27:10 vm-alarm kernel: [    0.121090] Spectre V2 : Spectre v2 / SpectreRSB mitigation: Filling RSB on context switch
Sep 28 12:27:10 vm-alarm kernel: [    0.121091] Spectre V2 : Spectre v2 / SpectreRSB : Filling RSB on VMEXIT
Sep 28 12:27:10 vm-alarm kernel: [    0.121092] RETBleed: WARNING: Spectre v2 mitigation leaves CPU vulnerable to RETBleed attacks, data leaks possible!
Sep 28 12:27:10 vm-alarm kernel: [    0.121520] RETBleed: Vulnerable
Sep 28 12:27:10 vm-alarm kernel: [    0.121521] Speculative Store Bypass: Vulnerable
Sep 28 12:27:10 vm-alarm kernel: [    0.121529] MDS: Mitigation: Clear CPU buffers
Sep 28 12:27:10 vm-alarm kernel: [    0.121530] MMIO Stale Data: Mitigation: Clear CPU buffers
Sep 28 12:27:10 vm-alarm kernel: [    0.121532] SRBDS: Unknown: Dependent on hypervisor status
Sep 28 12:27:10 vm-alarm kernel: [    0.143371] Freeing SMP alternatives memory: 44K
Sep 28 12:27:10 vm-alarm kernel: [    0.253318] smpboot: CPU0: Intel(R) Core(TM) i7-9750H CPU @ 2.60GHz (family: 0x6, model: 0x9e, stepping: 0xa)
Sep 28 12:27:10 vm-alarm kernel: [    0.253492] cblist_init_generic: Setting adjustable number of callback queues.
Sep 28 12:27:10 vm-alarm kernel: [    0.253494] cblist_init_generic: Setting shift to 3 and lim to 1.
Sep 28 12:27:10 vm-alarm kernel: [    0.253514] cblist_init_generic: Setting shift to 3 and lim to 1.
Sep 28 12:27:10 vm-alarm kernel: [    0.253527] cblist_init_generic: Setting shift to 3 and lim to 1.
Sep 28 12:27:10 vm-alarm kernel: [    0.253561] Performance Events: unsupported p6 CPU model 158 no PMU driver, software events only.
Sep 28 12:27:10 vm-alarm kernel: [    0.253597] rcu: Hierarchical SRCU implementation.
Sep 28 12:27:10 vm-alarm kernel: [    0.253598] rcu: 	Max phase no-delay instances is 1000.
Sep 28 12:27:10 vm-alarm kernel: [    0.254381] NMI watchdog: Perf NMI watchdog permanently disabled
Sep 28 12:27:10 vm-alarm kernel: [    0.254481] smp: Bringing up secondary CPUs ...
Sep 28 12:27:10 vm-alarm kernel: [    0.254777] x86: Booting SMP configuration:
Sep 28 12:27:10 vm-alarm kernel: [    0.254778] .... node  #0, CPUs:      #1 #2 #3 #4 #5
Sep 28 12:27:10 vm-alarm kernel: [    0.268713] smp: Brought up 1 node, 6 CPUs
Sep 28 12:27:10 vm-alarm kernel: [    0.268718] smpboot: Max logical packages: 1
Sep 28 12:27:10 vm-alarm kernel: [    0.268719] smpboot: Total of 6 processors activated (31103.97 BogoMIPS)
Sep 28 12:27:10 vm-alarm kernel: [    0.269170] devtmpfs: initialized
Sep 28 12:27:10 vm-alarm kernel: [    0.269170] x86/mm: Memory block size: 128MB
Sep 28 12:27:10 vm-alarm kernel: [    0.270292] clocksource: jiffies: mask: 0xffffffff max_cycles: 0xffffffff, max_idle_ns: 7645041785100000 ns
Sep 28 12:27:10 vm-alarm kernel: [    0.270292] futex hash table entries: 2048 (order: 5, 131072 bytes, linear)
Sep 28 12:27:10 vm-alarm kernel: [    0.270292] pinctrl core: initialized pinctrl subsystem
Sep 28 12:27:10 vm-alarm kernel: [    0.270292] PM: RTC time: 06:56:43, date: 2023-09-28
Sep 28 12:27:10 vm-alarm kernel: [    0.270292] NET: Registered PF_NETLINK/PF_ROUTE protocol family
Sep 28 12:27:10 vm-alarm kernel: [    0.270292] DMA: preallocated 2048 KiB GFP_KERNEL pool for atomic allocations
Sep 28 12:27:10 vm-alarm kernel: [    0.270292] DMA: preallocated 2048 KiB GFP_KERNEL|GFP_DMA pool for atomic allocations
Sep 28 12:27:10 vm-alarm kernel: [    0.270292] DMA: preallocated 2048 KiB GFP_KERNEL|GFP_DMA32 pool for atomic allocations
Sep 28 12:27:10 vm-alarm kernel: [    0.270292] audit: initializing netlink subsys (disabled)
Sep 28 12:27:10 vm-alarm kernel: [    0.270292] audit: type=2000 audit(1695884212.416:1): state=initialized audit_enabled=0 res=1
Sep 28 12:27:10 vm-alarm kernel: [    0.270292] thermal_sys: Registered thermal governor 'fair_share'
Sep 28 12:27:10 vm-alarm kernel: [    0.270292] thermal_sys: Registered thermal governor 'bang_bang'
Sep 28 12:27:10 vm-alarm kernel: [    0.270292] thermal_sys: Registered thermal governor 'step_wise'
Sep 28 12:27:10 vm-alarm kernel: [    0.270292] thermal_sys: Registered thermal governor 'user_space'
Sep 28 12:27:10 vm-alarm kernel: [    0.270292] thermal_sys: Registered thermal governor 'power_allocator'
Sep 28 12:27:10 vm-alarm kernel: [    0.270292] EISA bus registered
Sep 28 12:27:10 vm-alarm kernel: [    0.270292] cpuidle: using governor ladder
Sep 28 12:27:10 vm-alarm kernel: [    0.270292] cpuidle: using governor menu
Sep 28 12:27:10 vm-alarm kernel: [    0.270292] acpiphp: ACPI Hot Plug PCI Controller Driver version: 0.5
Sep 28 12:27:10 vm-alarm kernel: [    0.272665] PCI: Using configuration type 1 for base access
Sep 28 12:27:10 vm-alarm kernel: [    0.275282] kprobes: kprobe jump-optimization is enabled. All kprobes are optimized if possible.
Sep 28 12:27:10 vm-alarm kernel: [    0.302072] HugeTLB: can optimize 7 vmemmap pages for hugepages-2048kB
Sep 28 12:27:10 vm-alarm kernel: [    0.302072] HugeTLB registered 2.00 MiB page size, pre-allocated 0 pages
Sep 28 12:27:10 vm-alarm kernel: [    0.304754] ACPI: Added _OSI(Module Device)
Sep 28 12:27:10 vm-alarm kernel: [    0.304757] ACPI: Added _OSI(Processor Device)
Sep 28 12:27:10 vm-alarm kernel: [    0.304759] ACPI: Added _OSI(3.0 _SCP Extensions)
Sep 28 12:27:10 vm-alarm kernel: [    0.304761] ACPI: Added _OSI(Processor Aggregator Device)
Sep 28 12:27:10 vm-alarm kernel: [    0.304762] ACPI: Added _OSI(Linux-Dell-Video)
Sep 28 12:27:10 vm-alarm kernel: [    0.304764] ACPI: Added _OSI(Linux-Lenovo-NV-HDMI-Audio)
Sep 28 12:27:10 vm-alarm kernel: [    0.304766] ACPI: Added _OSI(Linux-HPI-Hybrid-Graphics)
Sep 28 12:27:10 vm-alarm kernel: [    0.310152] ACPI: 2 ACPI AML tables successfully acquired and loaded
Sep 28 12:27:10 vm-alarm kernel: [    0.313862] ACPI: Interpreter enabled
Sep 28 12:27:10 vm-alarm kernel: [    0.313882] ACPI: PM: (supports S0 S5)
Sep 28 12:27:10 vm-alarm kernel: [    0.313884] ACPI: Using IOAPIC for interrupt routing
Sep 28 12:27:10 vm-alarm kernel: [    0.314378] PCI: Using host bridge windows from ACPI; if necessary, use "pci=nocrs" and report a bug
Sep 28 12:27:10 vm-alarm kernel: [    0.314380] PCI: Using E820 reservations for host bridge windows
Sep 28 12:27:10 vm-alarm kernel: [    0.314628] ACPI: Enabled 2 GPEs in block 00 to 07
Sep 28 12:27:10 vm-alarm kernel: [    0.325817] ACPI: PCI Root Bridge [PCI0] (domain 0000 [bus 00-ff])
Sep 28 12:27:10 vm-alarm kernel: [    0.325828] acpi PNP0A03:00: _OSC: OS supports [ASPM ClockPM Segments MSI EDR HPX-Type3]
Sep 28 12:27:10 vm-alarm kernel: [    0.325832] acpi PNP0A03:00: _OSC: not requesting OS control; OS requires [ExtendedConfig ASPM ClockPM MSI]
Sep 28 12:27:10 vm-alarm kernel: [    0.326915] acpi PNP0A03:00: fail to add MMCONFIG information, can't access extended PCI configuration space under this bridge.
Sep 28 12:27:10 vm-alarm kernel: [    0.327594] PCI host bridge to bus 0000:00
Sep 28 12:27:10 vm-alarm kernel: [    0.327597] pci_bus 0000:00: root bus resource [io  0x0000-0x0cf7 window]
Sep 28 12:27:10 vm-alarm kernel: [    0.327601] pci_bus 0000:00: root bus resource [io  0x0d00-0xffff window]
Sep 28 12:27:10 vm-alarm kernel: [    0.327604] pci_bus 0000:00: root bus resource [mem 0x000a0000-0x000bffff window]
Sep 28 12:27:10 vm-alarm kernel: [    0.327606] pci_bus 0000:00: root bus resource [mem 0xe0000000-0xfdffffff window]
Sep 28 12:27:10 vm-alarm systemd[1]: Starting Flush Journal to Persistent Storage...
Sep 28 12:27:10 vm-alarm kernel: [    0.327609] pci_bus 0000:00: root bus resource [bus 00-ff]
Sep 28 12:27:10 vm-alarm kernel: [    0.327980] pci 0000:00:00.0: [8086:1237] type 00 class 0x060000
Sep 28 12:27:10 vm-alarm kernel: [    0.328776] pci 0000:00:01.0: [8086:7000] type 00 class 0x060100
Sep 28 12:27:10 vm-alarm kernel: [    0.329771] pci 0000:00:01.1: [8086:7111] type 00 class 0x01018a
Sep 28 12:27:10 vm-alarm mtp-probe: checking bus 1, device 2: "/sys/devices/pci0000:00/0000:00:06.0/usb1/1-1"
Sep 28 12:27:10 vm-alarm systemd[1]: Finished Create System Users.
Sep 28 12:27:10 vm-alarm mtp-probe: bus: 1, device: 2 was not an MTP device
Sep 28 12:27:10 vm-alarm systemd[1]: Starting Create Static Device Nodes in /dev...
Sep 28 12:27:10 vm-alarm systemd-modules-load[298]: Inserted module 'lp'
Sep 28 12:27:10 vm-alarm systemd[1]: Finished Load/Save Random Seed.
Sep 28 12:27:10 vm-alarm systemd[1]: Condition check resulted in First Boot Complete being skipped.
Sep 28 12:27:10 vm-alarm systemd-modules-load[298]: Inserted module 'ppdev'
Sep 28 12:27:10 vm-alarm systemd-modules-load[298]: Inserted module 'parport_pc'
Sep 28 12:27:10 vm-alarm systemd-modules-load[298]: Inserted module 'msr'
Sep 28 12:27:10 vm-alarm systemd-modules-load[298]: Module 'fuse' is built in
Sep 28 12:27:10 vm-alarm kernel: [    0.330285] pci 0000:00:01.1: reg 0x20: [io  0xd000-0xd00f]
Sep 28 12:27:10 vm-alarm kernel: [    0.330504] pci 0000:00:01.1: legacy IDE quirk: reg 0x10: [io  0x01f0-0x01f7]
Sep 28 12:27:10 vm-alarm kernel: [    0.330507] pci 0000:00:01.1: legacy IDE quirk: reg 0x14: [io  0x03f6]
Sep 28 12:27:10 vm-alarm kernel: [    0.330509] pci 0000:00:01.1: legacy IDE quirk: reg 0x18: [io  0x0170-0x0177]
Sep 28 12:27:10 vm-alarm kernel: [    0.330511] pci 0000:00:01.1: legacy IDE quirk: reg 0x1c: [io  0x0376]
Sep 28 12:27:10 vm-alarm kernel: [    0.330746] pci 0000:00:02.0: [15ad:0405] type 00 class 0x030000
Sep 28 12:27:10 vm-alarm kernel: [    0.332898] pci 0000:00:02.0: reg 0x10: [io  0xd010-0xd01f]
Sep 28 12:27:10 vm-alarm kernel: [    0.336941] pci 0000:00:02.0: reg 0x14: [mem 0xe0000000-0xe0ffffff pref]
Sep 28 12:27:10 vm-alarm systemd[1]: Finished Create Static Device Nodes in /dev.
Sep 28 12:27:10 vm-alarm kernel: [    0.340905] pci 0000:00:02.0: reg 0x18: [mem 0xf0000000-0xf01fffff]
Sep 28 12:27:10 vm-alarm kernel: [    0.360899] pci 0000:00:02.0: Video device with shadowed ROM at [mem 0x000c0000-0x000dffff]
Sep 28 12:27:10 vm-alarm kernel: [    0.364744] pci 0000:00:03.0: [8086:100e] type 00 class 0x020000
Sep 28 12:27:10 vm-alarm kernel: [    0.368595] pci 0000:00:03.0: reg 0x10: [mem 0xf0200000-0xf021ffff]
Sep 28 12:27:10 vm-alarm systemd[1]: Reached target Preparation for Local File Systems.
Sep 28 12:27:10 vm-alarm systemd[1]: Mounting Mount unit for bare, revision 5...
Sep 28 12:27:10 vm-alarm kernel: [    0.376601] pci 0000:00:03.0: reg 0x18: [io  0xd020-0xd027]
Sep 28 12:27:10 vm-alarm kernel: [    0.396931] pci 0000:00:04.0: [80ee:cafe] type 00 class 0x088000
Sep 28 12:27:10 vm-alarm kernel: [    0.400595] pci 0000:00:04.0: reg 0x10: [io  0xd040-0xd05f]
Sep 28 12:27:10 vm-alarm kernel: [    0.400787] pci 0000:00:04.0: reg 0x14: [mem 0xf0400000-0xf07fffff]
Sep 28 12:27:10 vm-alarm kernel: [    0.408605] pci 0000:00:04.0: reg 0x18: [mem 0xf0800000-0xf0803fff pref]
Sep 28 12:27:10 vm-alarm kernel: [    0.428892] pci 0000:00:05.0: [8086:2415] type 00 class 0x040100
Sep 28 12:27:10 vm-alarm kernel: [    0.429076] pci 0000:00:05.0: reg 0x10: [io  0xd100-0xd1ff]
Sep 28 12:27:10 vm-alarm kernel: [    0.429178] pci 0000:00:05.0: reg 0x14: [io  0xd200-0xd23f]
Sep 28 12:27:10 vm-alarm kernel: [    0.429970] pci 0000:00:06.0: [106b:003f] type 00 class 0x0c0310
Sep 28 12:27:10 vm-alarm kernel: [    0.432751] pci 0000:00:06.0: reg 0x10: [mem 0xf0804000-0xf0804fff]
Sep 28 12:27:10 vm-alarm kernel: [    0.464778] pci 0000:00:07.0: [8086:7113] type 00 class 0x068000
Sep 28 12:27:10 vm-alarm kernel: [    0.465436] pci 0000:00:07.0: quirk: [io  0x4000-0x403f] claimed by PIIX4 ACPI
Sep 28 12:27:10 vm-alarm systemd-modules-load[298]: Inserted module 'vmwgfx'
Sep 28 12:27:10 vm-alarm systemd[1]: Mounting Mount unit for core, revision 15419...
Sep 28 12:27:10 vm-alarm kernel: [    0.465449] pci 0000:00:07.0: quirk: [io  0x4100-0x410f] claimed by PIIX4 SMB
Sep 28 12:27:10 vm-alarm kernel: [    0.467280] pci 0000:00:0d.0: [8086:2829] type 00 class 0x010601
Sep 28 12:27:10 vm-alarm kernel: [    0.468730] pci 0000:00:0d.0: reg 0x10: [io  0xd240-0xd247]
Sep 28 12:27:10 vm-alarm systemd[1]: Mounting Mount unit for core, revision 15511...
Sep 28 12:27:10 vm-alarm kernel: [    0.472754] pci 0000:00:0d.0: reg 0x14: [io  0xd248-0xd24b]
Sep 28 12:27:10 vm-alarm kernel: [    0.476755] pci 0000:00:0d.0: reg 0x18: [io  0xd250-0xd257]
Sep 28 12:27:10 vm-alarm systemd[1]: Mounting Mount unit for core20, revision 1950...
Sep 28 12:27:10 vm-alarm kernel: [    0.484601] pci 0000:00:0d.0: reg 0x1c: [io  0xd258-0xd25b]
Sep 28 12:27:10 vm-alarm kernel: [    0.488602] pci 0000:00:0d.0: reg 0x20: [io  0xd260-0xd26f]
Sep 28 12:27:10 vm-alarm kernel: [    0.492606] pci 0000:00:0d.0: reg 0x24: [mem 0xf0806000-0xf0807fff]
Sep 28 12:27:10 vm-alarm systemd[1]: Mounting Mount unit for core20, revision 1974...
Sep 28 12:27:10 vm-alarm kernel: [    0.506686] ACPI: PCI: Interrupt link LNKA configured for IRQ 11
Sep 28 12:27:10 vm-alarm kernel: [    0.509161] ACPI: PCI: Interrupt link LNKB configured for IRQ 10
Sep 28 12:27:10 vm-alarm kernel: [    0.509296] ACPI: PCI: Interrupt link LNKC configured for IRQ 9
Sep 28 12:27:10 vm-alarm kernel: [    0.509429] ACPI: PCI: Interrupt link LNKD configured for IRQ 11
Sep 28 12:27:10 vm-alarm kernel: [    0.509624] iommu: Default domain type: Translated 
Sep 28 12:27:10 vm-alarm kernel: [    0.509624] iommu: DMA domain TLB invalidation policy: lazy mode 
Sep 28 12:27:10 vm-alarm systemd[1]: Mounting Mount unit for core22, revision 817...
Sep 28 12:27:10 vm-alarm kernel: [    0.509624] SCSI subsystem initialized
Sep 28 12:27:10 vm-alarm kernel: [    0.509624] libata version 3.00 loaded.
Sep 28 12:27:10 vm-alarm kernel: [    0.509624] ACPI: bus type USB registered
Sep 28 12:27:10 vm-alarm kernel: [    0.509624] usbcore: registered new interface driver usbfs
Sep 28 12:27:10 vm-alarm kernel: [    0.509624] usbcore: registered new interface driver hub
Sep 28 12:27:10 vm-alarm kernel: [    0.509624] usbcore: registered new device driver usb
Sep 28 12:27:10 vm-alarm kernel: [    0.509624] pps_core: LinuxPPS API ver. 1 registered
Sep 28 12:27:10 vm-alarm kernel: [    0.509624] pps_core: Software ver. 5.3.6 - Copyright 2005-2007 Rodolfo Giometti <giometti@linux.it>
Sep 28 12:27:10 vm-alarm kernel: [    0.509624] PTP clock support registered
Sep 28 12:27:10 vm-alarm kernel: [    0.509624] EDAC MC: Ver: 3.0.0
Sep 28 12:27:10 vm-alarm kernel: [    0.509624] NetLabel: Initializing
Sep 28 12:27:10 vm-alarm kernel: [    0.509624] NetLabel:  domain hash size = 128
Sep 28 12:27:10 vm-alarm kernel: [    0.509624] NetLabel:  protocols = UNLABELED CIPSOv4 CALIPSO
Sep 28 12:27:10 vm-alarm kernel: [    0.509624] NetLabel:  unlabeled traffic allowed by default
Sep 28 12:27:10 vm-alarm kernel: [    0.509624] mctp: management component transport protocol core
Sep 28 12:27:10 vm-alarm kernel: [    0.509624] NET: Registered PF_MCTP protocol family
Sep 28 12:27:10 vm-alarm kernel: [    0.509624] PCI: Using ACPI for IRQ routing
Sep 28 12:27:10 vm-alarm kernel: [    0.509624] PCI: pci_cache_line_size set to 64 bytes
Sep 28 12:27:10 vm-alarm systemd[1]: Mounting Mount unit for core22, revision 858...
Sep 28 12:27:10 vm-alarm kernel: [    0.509624] e820: reserve RAM buffer [mem 0x0009fc00-0x0009ffff]
Sep 28 12:27:10 vm-alarm systemd[1]: Mounting Mount unit for curl, revision 1679...
Sep 28 12:27:10 vm-alarm kernel: [    0.509624] e820: reserve RAM buffer [mem 0xdfff0000-0xdfffffff]
Sep 28 12:27:10 vm-alarm kernel: [    0.509624] pci 0000:00:02.0: vgaarb: setting as boot VGA device
Sep 28 12:27:10 vm-alarm systemd[1]: Mounting Mount unit for curl, revision 1754...
Sep 28 12:27:10 vm-alarm kernel: [    0.509624] pci 0000:00:02.0: vgaarb: bridge control possible
Sep 28 12:27:10 vm-alarm kernel: [    0.509624] pci 0000:00:02.0: vgaarb: VGA device added: decodes=io+mem,owns=io+mem,locks=none
Sep 28 12:27:10 vm-alarm kernel: [    0.509624] vgaarb: loaded
Sep 28 12:27:10 vm-alarm kernel: [    0.509665] clocksource: Switched to clocksource kvm-clock
Sep 28 12:27:10 vm-alarm systemd[1]: Mounting Mount unit for firefox, revision 2908...
Sep 28 12:27:10 vm-alarm kernel: [    0.522041] VFS: Disk quotas dquot_6.6.0
Sep 28 12:27:10 vm-alarm kernel: [    0.522055] VFS: Dquot-cache hash table entries: 512 (order 0, 4096 bytes)
Sep 28 12:27:10 vm-alarm systemd[1]: Mounting Mount unit for firefox, revision 2952...
Sep 28 12:27:10 vm-alarm kernel: [    0.522173] AppArmor: AppArmor Filesystem Enabled
Sep 28 12:27:10 vm-alarm kernel: [    0.522192] pnp: PnP ACPI init
Sep 28 12:27:10 vm-alarm kernel: [    0.523580] pnp: PnP ACPI: found 2 devices
Sep 28 12:27:10 vm-alarm kernel: [    0.534015] clocksource: acpi_pm: mask: 0xffffff max_cycles: 0xffffff, max_idle_ns: 2085701024 ns
Sep 28 12:27:10 vm-alarm kernel: [    0.534093] NET: Registered PF_INET protocol family
Sep 28 12:27:10 vm-alarm systemd[1]: Mounting Mount unit for gnome-3-38-2004, revision 140...
Sep 28 12:27:10 vm-alarm kernel: [    0.534296] IP idents hash table entries: 262144 (order: 9, 2097152 bytes, linear)
Sep 28 12:27:10 vm-alarm systemd[1]: Mounting Mount unit for gnome-3-38-2004, revision 143...
Sep 28 12:27:10 vm-alarm kernel: [    0.537075] tcp_listen_portaddr_hash hash table entries: 8192 (order: 5, 131072 bytes, linear)
Sep 28 12:27:10 vm-alarm systemd[1]: Mounting Mount unit for gnome-42-2204, revision 120...
Sep 28 12:27:10 vm-alarm kernel: [    0.537101] Table-perturb hash table entries: 65536 (order: 6, 262144 bytes, linear)
Sep 28 12:27:10 vm-alarm kernel: [    0.537156] TCP established hash table entries: 131072 (order: 8, 1048576 bytes, linear)
Sep 28 12:27:10 vm-alarm kernel: [    0.537389] TCP bind hash table entries: 65536 (order: 8, 1048576 bytes, linear)
Sep 28 12:27:10 vm-alarm systemd[1]: Mounting Mount unit for gnome-42-2204, revision 126...
Sep 28 12:27:10 vm-alarm systemd[1]: Mounting Mount unit for gtk-common-themes, revision 1534...
Sep 28 12:27:10 vm-alarm kernel: [    0.537447] TCP: Hash tables configured (established 131072 bind 65536)
Sep 28 12:27:10 vm-alarm systemd[1]: Mounting Mount unit for gtk-common-themes, revision 1535...
Sep 28 12:27:10 vm-alarm kernel: [    0.537537] MPTCP token hash table entries: 16384 (order: 6, 393216 bytes, linear)
Sep 28 12:27:10 vm-alarm kernel: [    0.537599] UDP hash table entries: 8192 (order: 6, 262144 bytes, linear)
Sep 28 12:27:10 vm-alarm systemd-fsck[685]: fsck.fat 4.2 (2021-01-31)
Sep 28 12:27:10 vm-alarm kernel: [    0.537669] UDP-Lite hash table entries: 8192 (order: 6, 262144 bytes, linear)
Sep 28 12:27:10 vm-alarm kernel: [    0.537727] NET: Registered PF_UNIX/PF_LOCAL protocol family
Sep 28 12:27:10 vm-alarm systemd-fsck[685]: There are differences between boot sector and its backup.
Sep 28 12:27:10 vm-alarm systemd-fsck[685]: This is mostly harmless. Differences: (offset:original/backup)
Sep 28 12:27:10 vm-alarm systemd-fsck[685]:   65:01/00
Sep 28 12:27:10 vm-alarm kernel: [    0.537732] NET: Registered PF_XDP protocol family
Sep 28 12:27:10 vm-alarm systemd-fsck[685]:   Not automatically fixing this.
Sep 28 12:27:10 vm-alarm systemd-fsck[685]: Dirty bit is set. Fs was not properly unmounted and some data may be corrupt.
Sep 28 12:27:10 vm-alarm kernel: [    0.537741] pci_bus 0000:00: resource 4 [io  0x0000-0x0cf7 window]
Sep 28 12:27:10 vm-alarm systemd-fsck[685]:  Automatically removing dirty bit.
Sep 28 12:27:10 vm-alarm systemd-fsck[685]: *** Filesystem was changed ***
Sep 28 12:27:10 vm-alarm kernel: [    0.537745] pci_bus 0000:00: resource 5 [io  0x0d00-0xffff window]
Sep 28 12:27:10 vm-alarm kernel: [    0.537746] pci_bus 0000:00: resource 6 [mem 0x000a0000-0x000bffff window]
Sep 28 12:27:10 vm-alarm systemd-fsck[685]: Writing changes.
Sep 28 12:27:10 vm-alarm kernel: [    0.537748] pci_bus 0000:00: resource 7 [mem 0xe0000000-0xfdffffff window]
Sep 28 12:27:10 vm-alarm kernel: [    0.537801] pci 0000:00:00.0: Limiting direct PCI/PCI transfers
Sep 28 12:27:10 vm-alarm kernel: [    0.537816] pci 0000:00:01.0: Activating ISA DMA hang workarounds
Sep 28 12:27:10 vm-alarm systemd-fsck[685]: /dev/sda2: 11 files, 1554/131063 clusters
Sep 28 12:27:10 vm-alarm systemd[1]: Mounting Mount unit for snap-store, revision 638...
Sep 28 12:27:10 vm-alarm kernel: [    0.539800] PCI: CLS 0 bytes, default 64
Sep 28 12:27:10 vm-alarm systemd[1]: Mounting Mount unit for snap-store, revision 959...
Sep 28 12:27:10 vm-alarm kernel: [    0.539815] PCI-DMA: Using software bounce buffering for IO (SWIOTLB)
Sep 28 12:27:10 vm-alarm kernel: [    0.539817] software IO TLB: mapped [mem 0x00000000dbff0000-0x00000000dfff0000] (64MB)
Sep 28 12:27:10 vm-alarm kernel: [    0.539887] clocksource: tsc: mask: 0xffffffffffffffff max_cycles: 0x255cb518234, max_idle_ns: 440795279333 ns
Sep 28 12:27:10 vm-alarm apparmor.systemd[695]: Restarting AppArmor
Sep 28 12:27:10 vm-alarm kernel: [    0.539969] clocksource: Switched to clocksource tsc
Sep 28 12:27:10 vm-alarm kernel: [    0.540000] platform rtc_cmos: registered platform RTC device (no PNP device found)
Sep 28 12:27:10 vm-alarm kernel: [    0.540015] Trying to unpack rootfs image as initramfs...
Sep 28 12:27:10 vm-alarm kernel: [    0.540384] Initialise system trusted keyrings
Sep 28 12:27:10 vm-alarm kernel: [    0.540395] Key type blacklist registered
Sep 28 12:27:10 vm-alarm apparmor.systemd[695]: Reloading AppArmor profiles
Sep 28 12:27:10 vm-alarm kernel: [    0.540537] workingset: timestamp_bits=36 max_order=22 bucket_order=0
Sep 28 12:27:10 vm-alarm kernel: [    0.542158] zbud: loaded
Sep 28 12:27:10 vm-alarm kernel: [    0.542490] squashfs: version 4.0 (2009/01/31) Phillip Lougher
Sep 28 12:27:10 vm-alarm kernel: [    0.542785] fuse: init (API version 7.36)
Sep 28 12:27:10 vm-alarm kernel: [    0.543085] integrity: Platform Keyring initialized
Sep 28 12:27:10 vm-alarm kernel: [    0.543088] integrity: Machine keyring initialized
Sep 28 12:27:10 vm-alarm systemd[1]: Mounting Mount unit for snapd-desktop-integration, revision 57...
Sep 28 12:27:10 vm-alarm kernel: [    0.550417] Key type asymmetric registered
Sep 28 12:27:10 vm-alarm kernel: [    0.550420] Asymmetric key parser 'x509' registered
Sep 28 12:27:10 vm-alarm kernel: [    0.964541] Freeing initrd memory: 71320K
Sep 28 12:27:10 vm-alarm systemd[1]: Mounting Mount unit for snapd-desktop-integration, revision 83...
Sep 28 12:27:10 vm-alarm kernel: [    0.968795] alg: self-tests for CTR-KDF (hmac(sha256)) passed
Sep 28 12:27:10 vm-alarm kernel: [    0.968814] Block layer SCSI generic (bsg) driver version 0.4 loaded (major 243)
Sep 28 12:27:10 vm-alarm kernel: [    0.968925] io scheduler mq-deadline registered
Sep 28 12:27:10 vm-alarm kernel: [    0.969844] shpchp: Standard Hot Plug PCI Controller Driver version: 0.4
Sep 28 12:27:10 vm-alarm kernel: [    0.970011] ACPI: AC: AC Adapter [AC] (on-line)
Sep 28 12:27:10 vm-alarm kernel: [    0.970054] input: Power Button as /devices/LNXSYSTM:00/LNXPWRBN:00/input/input0
Sep 28 12:27:10 vm-alarm kernel: [    0.970084] ACPI: button: Power Button [PWRF]
Sep 28 12:27:10 vm-alarm kernel: [    0.970153] input: Sleep Button as /devices/LNXSYSTM:00/LNXSLPBN:00/input/input1
Sep 28 12:27:10 vm-alarm kernel: [    0.970169] ACPI: button: Sleep Button [SLPF]
Sep 28 12:27:10 vm-alarm kernel: [    0.970816] Serial: 8250/16550 driver, 32 ports, IRQ sharing enabled
Sep 28 12:27:10 vm-alarm kernel: [    0.971590] ACPI: battery: Slot [BAT0] (battery present)
Sep 28 12:27:10 vm-alarm kernel: [    0.974018] Linux agpgart interface v0.103
Sep 28 12:27:10 vm-alarm kernel: [    0.976676] loop: module loaded
Sep 28 12:27:10 vm-alarm systemd[1]: Mounting Mount unit for firefox, revision 2211 via mount-control...
Sep 28 12:27:10 vm-alarm systemd[1]: Starting Rule-based Manager for Device Events and Files...
Sep 28 12:27:10 vm-alarm systemd[1]: Finished Load Kernel Modules.
Sep 28 12:27:10 vm-alarm systemd[1]: Mounted Mount unit for bare, revision 5.
Sep 28 12:27:10 vm-alarm systemd[1]: Mounted Mount unit for core, revision 15419.
Sep 28 12:27:10 vm-alarm systemd[1]: Mounted Mount unit for core, revision 15511.
Sep 28 12:27:10 vm-alarm systemd[1]: Mounted Mount unit for core20, revision 1950.
Sep 28 12:27:10 vm-alarm systemd[1]: Mounted Mount unit for core20, revision 1974.
Sep 28 12:27:10 vm-alarm systemd[1]: Mounted Mount unit for core22, revision 817.
Sep 28 12:27:10 vm-alarm systemd[1]: Mounted Mount unit for core22, revision 858.
Sep 28 12:27:10 vm-alarm kernel: [    0.976977] ata_piix 0000:00:01.1: version 2.13
Sep 28 12:27:10 vm-alarm kernel: [    0.977528] scsi host0: ata_piix
Sep 28 12:27:10 vm-alarm systemd[1]: Mounted Mount unit for curl, revision 1679.
Sep 28 12:27:10 vm-alarm kernel: [    0.977819] scsi host1: ata_piix
Sep 28 12:27:10 vm-alarm kernel: [    0.977840] ata1: PATA max UDMA/33 cmd 0x1f0 ctl 0x3f6 bmdma 0xd000 irq 14
Sep 28 12:27:10 vm-alarm kernel: [    0.977841] ata2: PATA max UDMA/33 cmd 0x170 ctl 0x376 bmdma 0xd008 irq 15
Sep 28 12:27:10 vm-alarm systemd[1]: Mounted Mount unit for curl, revision 1754.
Sep 28 12:27:10 vm-alarm kernel: [    0.977967] tun: Universal TUN/TAP device driver, 1.6
Sep 28 12:27:10 vm-alarm kernel: [    0.978171] PPP generic driver version 2.4.2
Sep 28 12:27:10 vm-alarm kernel: [    0.978342] VFIO - User Level meta-driver version: 0.3
Sep 28 12:27:10 vm-alarm systemd[1]: Mounted Mount unit for firefox, revision 2908.
Sep 28 12:27:10 vm-alarm kernel: [    0.978465] ehci_hcd: USB 2.0 'Enhanced' Host Controller (EHCI) Driver
Sep 28 12:27:10 vm-alarm systemd[1]: Mounted Mount unit for firefox, revision 2952.
Sep 28 12:27:10 vm-alarm kernel: [    0.978468] ehci-pci: EHCI PCI platform driver
Sep 28 12:27:10 vm-alarm kernel: [    0.978474] ehci-platform: EHCI generic platform driver
Sep 28 12:27:10 vm-alarm systemd[1]: Mounted Mount unit for gnome-3-38-2004, revision 140.
Sep 28 12:27:10 vm-alarm kernel: [    0.978478] ohci_hcd: USB 1.1 'Open' Host Controller (OHCI) Driver
Sep 28 12:27:10 vm-alarm kernel: [    0.978479] ohci-pci: OHCI PCI platform driver
Sep 28 12:27:10 vm-alarm systemd[1]: Mounted Mount unit for gnome-3-38-2004, revision 143.
Sep 28 12:27:10 vm-alarm kernel: [    0.979231] ohci-pci 0000:00:06.0: OHCI PCI host controller
Sep 28 12:27:10 vm-alarm kernel: [    0.979237] ohci-pci 0000:00:06.0: new USB bus registered, assigned bus number 1
Sep 28 12:27:10 vm-alarm kernel: [    0.979319] ohci-pci 0000:00:06.0: irq 22, io mem 0xf0804000
Sep 28 12:27:10 vm-alarm kernel: [    1.037790] usb usb1: New USB device found, idVendor=1d6b, idProduct=0001, bcdDevice= 5.19
Sep 28 12:27:10 vm-alarm kernel: [    1.037798] usb usb1: New USB device strings: Mfr=3, Product=2, SerialNumber=1
Sep 28 12:27:10 vm-alarm kernel: [    1.037801] usb usb1: Product: OHCI PCI host controller
Sep 28 12:27:10 vm-alarm kernel: [    1.037802] usb usb1: Manufacturer: Linux 5.19.0-41-generic ohci_hcd
Sep 28 12:27:10 vm-alarm kernel: [    1.037804] usb usb1: SerialNumber: 0000:00:06.0
Sep 28 12:27:10 vm-alarm kernel: [    1.037971] hub 1-0:1.0: USB hub found
Sep 28 12:27:10 vm-alarm kernel: [    1.037991] hub 1-0:1.0: 12 ports detected
Sep 28 12:27:10 vm-alarm kernel: [    1.038486] ohci-platform: OHCI generic platform driver
Sep 28 12:27:10 vm-alarm kernel: [    1.038499] uhci_hcd: USB Universal Host Controller Interface driver
Sep 28 12:27:10 vm-alarm kernel: [    1.038561] i8042: PNP: PS/2 Controller [PNP0303:PS2K,PNP0f03:PS2M] at 0x60,0x64 irq 1,12
Sep 28 12:27:10 vm-alarm kernel: [    1.039037] serio: i8042 KBD port at 0x60,0x64 irq 1
Sep 28 12:27:10 vm-alarm kernel: [    1.039043] serio: i8042 AUX port at 0x60,0x64 irq 12
Sep 28 12:27:10 vm-alarm kernel: [    1.039189] mousedev: PS/2 mouse device common for all mice
Sep 28 12:27:10 vm-alarm systemd[1]: Mounted Mount unit for gnome-42-2204, revision 120.
Sep 28 12:27:10 vm-alarm systemd[1]: Mounted Mount unit for gnome-42-2204, revision 126.
Sep 28 12:27:10 vm-alarm kernel: [    1.039509] input: AT Translated Set 2 keyboard as /devices/platform/i8042/serio0/input/input2
Sep 28 12:27:10 vm-alarm systemd[1]: Mounted Mount unit for gtk-common-themes, revision 1534.
Sep 28 12:27:10 vm-alarm kernel: [    1.039924] rtc_cmos rtc_cmos: registered as rtc0
Sep 28 12:27:10 vm-alarm kernel: [    1.039953] rtc_cmos rtc_cmos: setting system clock to 2023-09-28T06:56:44 UTC (1695884204)
Sep 28 12:27:10 vm-alarm kernel: [    1.040053] rtc_cmos rtc_cmos: alarms up to one day, 114 bytes nvram
Sep 28 12:27:10 vm-alarm systemd[1]: Mounted Mount unit for gtk-common-themes, revision 1535.
Sep 28 12:27:10 vm-alarm kernel: [    1.040062] i2c_dev: i2c /dev entries driver
Sep 28 12:27:10 vm-alarm kernel: [    1.040081] device-mapper: core: CONFIG_IMA_DISABLE_HTABLE is disabled. Duplicate IMA measurements will not be recorded in the IMA log.
Sep 28 12:27:10 vm-alarm kernel: [    1.040108] device-mapper: uevent: version 1.0.3
Sep 28 12:27:10 vm-alarm systemd[1]: Mounted Mount unit for snap-store, revision 638.
Sep 28 12:27:10 vm-alarm kernel: [    1.040269] device-mapper: ioctl: 4.47.0-ioctl (2022-07-28) initialised: dm-devel@redhat.com
Sep 28 12:27:10 vm-alarm kernel: [    1.040288] platform eisa.0: Probing EISA bus 0
Sep 28 12:27:10 vm-alarm kernel: [    1.040290] platform eisa.0: EISA: Cannot allocate resource for mainboard
Sep 28 12:27:10 vm-alarm kernel: [    1.040292] platform eisa.0: Cannot allocate resource for EISA slot 1
Sep 28 12:27:10 vm-alarm systemd[1]: Mounted Mount unit for snap-store, revision 959.
Sep 28 12:27:10 vm-alarm kernel: [    1.040293] platform eisa.0: Cannot allocate resource for EISA slot 2
Sep 28 12:27:10 vm-alarm kernel: [    1.040294] platform eisa.0: Cannot allocate resource for EISA slot 3
Sep 28 12:27:10 vm-alarm kernel: [    1.040295] platform eisa.0: Cannot allocate resource for EISA slot 4
Sep 28 12:27:10 vm-alarm systemd[1]: Mounted Mount unit for snapd-desktop-integration, revision 57.
Sep 28 12:27:10 vm-alarm kernel: [    1.040295] platform eisa.0: Cannot allocate resource for EISA slot 5
Sep 28 12:27:10 vm-alarm kernel: [    1.040296] platform eisa.0: Cannot allocate resource for EISA slot 6
Sep 28 12:27:10 vm-alarm kernel: [    1.040297] platform eisa.0: Cannot allocate resource for EISA slot 7
Sep 28 12:27:10 vm-alarm systemd[1]: Mounted Mount unit for snapd-desktop-integration, revision 83.
Sep 28 12:27:10 vm-alarm systemd[1]: Mounted Mount unit for firefox, revision 2211 via mount-control.
Sep 28 12:27:10 vm-alarm systemd[1]: Reached target Mounted snaps.
Sep 28 12:27:10 vm-alarm kernel: [    1.040298] platform eisa.0: Cannot allocate resource for EISA slot 8
Sep 28 12:27:10 vm-alarm systemd[1]: Starting Apply Kernel Variables...
Sep 28 12:27:10 vm-alarm kernel: [    1.040299] platform eisa.0: EISA: Detected 0 cards
Sep 28 12:27:10 vm-alarm kernel: [    1.040301] intel_pstate: CPU model not supported
Sep 28 12:27:10 vm-alarm systemd[1]: Finished Apply Kernel Variables.
Sep 28 12:27:10 vm-alarm kernel: [    1.040724] ledtrig-cpu: registered to indicate activity on CPUs
Sep 28 12:27:10 vm-alarm kernel: [    1.040783] drop_monitor: Initializing network drop monitor service
Sep 28 12:27:10 vm-alarm kernel: [    1.056659] NET: Registered PF_INET6 protocol family
Sep 28 12:27:10 vm-alarm kernel: [    1.060519] Segment Routing with IPv6
Sep 28 12:27:10 vm-alarm kernel: [    1.060532] In-situ OAM (IOAM) with IPv6
Sep 28 12:27:10 vm-alarm systemd[1]: Started Rule-based Manager for Device Events and Files.
Sep 28 12:27:10 vm-alarm kernel: [    1.060552] NET: Registered PF_PACKET protocol family
Sep 28 12:27:10 vm-alarm systemd[1]: Starting Show Plymouth Boot Screen...
Sep 28 12:27:10 vm-alarm kernel: [    1.060671] Key type dns_resolver registered
Sep 28 12:27:10 vm-alarm kernel: [    1.061456] IPI shorthand broadcast: enabled
Sep 28 12:27:10 vm-alarm kernel: [    1.061473] sched_clock: Marking stable (1046855163, 14559411)->(1066070116, -4655542)
Sep 28 12:27:10 vm-alarm kernel: [    1.061823] registered taskstats version 1
Sep 28 12:27:10 vm-alarm systemd[1]: Received SIGRTMIN+20 from PID 390 (plymouthd).
Sep 28 12:27:10 vm-alarm kernel: [    1.062162] Loading compiled-in X.509 certificates
Sep 28 12:27:10 vm-alarm kernel: [    1.063273] Loaded X.509 cert 'Build time autogenerated kernel key: 79c532bb3dc5680fea3215ad2d42eed84fdade1a'
Sep 28 12:27:10 vm-alarm kernel: [    1.063741] Loaded X.509 cert 'Canonical Ltd. Live Patch Signing: 14df34d1a87cf37625abec039ef2bf521249b969'
Sep 28 12:27:10 vm-alarm systemd-udevd[362]: Using default interface naming scheme 'v249'.
Sep 28 12:27:10 vm-alarm kernel: [    1.064235] Loaded X.509 cert 'Canonical Ltd. Kernel Module Signing: 88f752e560a1e0737e31163a466ad7b70a850c19'
Sep 28 12:27:10 vm-alarm kernel: [    1.064237] blacklist: Loading compiled-in revocation X.509 certificates
Sep 28 12:27:10 vm-alarm kernel: [    1.064257] Loaded X.509 cert 'Canonical Ltd. Secure Boot Signing: 61482aa2830d0ab2ad5af10b7250da9033ddcef0'
Sep 28 12:27:10 vm-alarm kernel: [    1.064272] Loaded X.509 cert 'Canonical Ltd. Secure Boot Signing (2017): 242ade75ac4a15e50d50c84b0d45ff3eae707a03'
Sep 28 12:27:10 vm-alarm kernel: [    1.064286] Loaded X.509 cert 'Canonical Ltd. Secure Boot Signing (ESM 2018): 365188c1d374d6b07c3c8f240f8ef722433d6a8b'
Sep 28 12:27:10 vm-alarm systemd[1]: Listening on Load/Save RF Kill Switch Status /dev/rfkill Watch.
Sep 28 12:27:10 vm-alarm kernel: [    1.064299] Loaded X.509 cert 'Canonical Ltd. Secure Boot Signing (2019): c0746fd6c5da3ae827864651ad66ae47fe24b3e8'
Sep 28 12:27:10 vm-alarm kernel: [    1.064312] Loaded X.509 cert 'Canonical Ltd. Secure Boot Signing (2021 v1): a8d54bbb3825cfb94fa13c9f8a594a195c107b8d'
Sep 28 12:27:10 vm-alarm systemd-udevd[371]: sda: Process '/usr/bin/unshare -m /usr/bin/snap auto-import --mount=/dev/sda' failed with exit code 1.
Sep 28 12:27:10 vm-alarm systemd-udevd[380]: sr0: Process '/usr/bin/unshare -m /usr/bin/snap auto-import --mount=/dev/sr0' failed with exit code 1.
Sep 28 12:27:10 vm-alarm kernel: [    1.064325] Loaded X.509 cert 'Canonical Ltd. Secure Boot Signing (2021 v2): 4cf046892d6fd3c9a5b03f98d845f90851dc6a8c'
Sep 28 12:27:10 vm-alarm systemd-udevd[367]: sda3: Process '/usr/bin/unshare -m /usr/bin/snap auto-import --mount=/dev/sda3' failed with exit code 1.
Sep 28 12:27:10 vm-alarm kernel: [    1.064338] Loaded X.509 cert 'Canonical Ltd. Secure Boot Signing (2021 v3): 100437bb6de6e469b581e61cd66bce3ef4ed53af'
Sep 28 12:27:10 vm-alarm kernel: [    1.064351] Loaded X.509 cert 'Canonical Ltd. Secure Boot Signing (Ubuntu Core 2019): c1d57b8f6b743f23ee41f4f7ee292f06eecadfb9'
Sep 28 12:27:10 vm-alarm systemd-udevd[376]: vboxguest: /etc/udev/rules.d/60-vboxadd.rules:1 Only network interfaces can be renamed, ignoring NAME="vboxguest".
Sep 28 12:27:10 vm-alarm kernel: [    1.064770] zswap: loaded using pool lzo/zbud
Sep 28 12:27:10 vm-alarm kernel: [    1.065128] Key type .fscrypt registered
Sep 28 12:27:10 vm-alarm kernel: [    1.065130] Key type fscrypt-provisioning registered
Sep 28 12:27:10 vm-alarm kernel: [    1.068358] Key type encrypted registered
Sep 28 12:27:10 vm-alarm kernel: [    1.068362] AppArmor: AppArmor sha1 policy hashing enabled
Sep 28 12:27:10 vm-alarm systemd-udevd[376]: vboxuser: /etc/udev/rules.d/60-vboxadd.rules:2 Only network interfaces can be renamed, ignoring NAME="vboxuser".
Sep 28 12:27:10 vm-alarm kernel: [    1.068370] ima: No TPM chip found, activating TPM-bypass!
Sep 28 12:27:10 vm-alarm kernel: [    1.068373] Loading compiled-in module X.509 certificates
Sep 28 12:27:10 vm-alarm systemd-udevd[373]: sda1: Process '/usr/bin/unshare -m /usr/bin/snap auto-import --mount=/dev/sda1' failed with exit code 1.
Sep 28 12:27:10 vm-alarm kernel: [    1.068831] Loaded X.509 cert 'Build time autogenerated kernel key: 79c532bb3dc5680fea3215ad2d42eed84fdade1a'
Sep 28 12:27:10 vm-alarm kernel: [    1.068834] ima: Allocated hash algorithm: sha1
Sep 28 12:27:10 vm-alarm kernel: [    1.068839] ima: No architecture policies found
Sep 28 12:27:10 vm-alarm kernel: [    1.068847] evm: Initialising EVM extended attributes:
Sep 28 12:27:10 vm-alarm systemd-udevd[371]: sda2: Process '/usr/bin/unshare -m /usr/bin/snap auto-import --mount=/dev/sda2' failed with exit code 1.
Sep 28 12:27:10 vm-alarm systemd[1]: Found device VBOX_HARDDISK EFI\x20System\x20Partition.
Sep 28 12:27:10 vm-alarm kernel: [    1.068847] evm: security.selinux
Sep 28 12:27:10 vm-alarm kernel: [    1.068848] evm: security.SMACK64
Sep 28 12:27:10 vm-alarm systemd[1]: Starting File System Check on /dev/disk/by-uuid/BFF9-898B...
Sep 28 12:27:10 vm-alarm kernel: [    1.068849] evm: security.SMACK64EXEC
Sep 28 12:27:10 vm-alarm kernel: [    1.068850] evm: security.SMACK64TRANSMUTE
Sep 28 12:27:10 vm-alarm systemd[1]: Started File System Check Daemon to report status.
Sep 28 12:27:10 vm-alarm systemd[1]: Finished File System Check on /dev/disk/by-uuid/BFF9-898B.
Sep 28 12:27:10 vm-alarm kernel: [    1.068850] evm: security.SMACK64MMAP
Sep 28 12:27:10 vm-alarm systemd[1]: Mounting /boot/efi...
Sep 28 12:27:10 vm-alarm kernel: [    1.068852] evm: security.apparmor
Sep 28 12:27:10 vm-alarm kernel: [    1.068852] evm: security.ima
Sep 28 12:27:10 vm-alarm kernel: [    1.068853] evm: security.capability
Sep 28 12:27:10 vm-alarm systemd[1]: Started Show Plymouth Boot Screen.
Sep 28 12:27:10 vm-alarm kernel: [    1.068854] evm: HMAC attrs: 0x1
Sep 28 12:27:10 vm-alarm kernel: [    1.073939] PM:   Magic number: 7:648:924
Sep 28 12:27:10 vm-alarm kernel: [    1.074242] RAS: Correctable Errors collector initialized.
Sep 28 12:27:10 vm-alarm systemd[1]: Condition check resulted in Dispatch Password Requests to Console Directory Watch being skipped.
Sep 28 12:27:10 vm-alarm kernel: [    1.148949] ata2.00: ATAPI: VBOX CD-ROM, 1.0, max UDMA/133
Sep 28 12:27:10 vm-alarm kernel: [    1.149954] scsi 1:0:0:0: CD-ROM            VBOX     CD-ROM           1.0  PQ: 0 ANSI: 5
Sep 28 12:27:10 vm-alarm kernel: [    1.269494] sr 1:0:0:0: [sr0] scsi3-mmc drive: 32x/32x xa/form2 tray
Sep 28 12:27:10 vm-alarm kernel: [    1.269498] cdrom: Uniform CD-ROM driver Revision: 3.20
Sep 28 12:27:10 vm-alarm kernel: [    1.298284] sr 1:0:0:0: Attached scsi CD-ROM sr0
Sep 28 12:27:10 vm-alarm kernel: [    1.298414] sr 1:0:0:0: Attached scsi generic sg0 type 5
Sep 28 12:27:10 vm-alarm kernel: [    1.300638] Freeing unused decrypted memory: 2036K
Sep 28 12:27:10 vm-alarm kernel: [    1.301040] Freeing unused kernel image (initmem) memory: 3164K
Sep 28 12:27:10 vm-alarm kernel: [    1.313434] Write protecting the kernel read-only data: 32768k
Sep 28 12:27:10 vm-alarm kernel: [    1.313992] Freeing unused kernel image (text/rodata gap) memory: 2036K
Sep 28 12:27:10 vm-alarm kernel: [    1.314179] Freeing unused kernel image (rodata/data gap) memory: 988K
Sep 28 12:27:10 vm-alarm kernel: [    1.380940] x86/mm: Checked W+X mappings: passed, no W+X pages found.
Sep 28 12:27:10 vm-alarm kernel: [    1.380944] x86/mm: Checking user space page tables
Sep 28 12:27:10 vm-alarm kernel: [    1.446920] x86/mm: Checked W+X mappings: passed, no W+X pages found.
Sep 28 12:27:10 vm-alarm kernel: [    1.446929] Run /init as init process
Sep 28 12:27:10 vm-alarm kernel: [    1.446945]   with arguments:
Sep 28 12:27:10 vm-alarm kernel: [    1.446946]     /init
Sep 28 12:27:10 vm-alarm kernel: [    1.446948]     splash
Sep 28 12:27:10 vm-alarm kernel: [    1.446949]   with environment:
Sep 28 12:27:10 vm-alarm kernel: [    1.446950]     HOME=/
Sep 28 12:27:10 vm-alarm kernel: [    1.446950]     TERM=linux
Sep 28 12:27:10 vm-alarm kernel: [    1.446951]     BOOT_IMAGE=/boot/vmlinuz-5.19.0-41-generic
Sep 28 12:27:10 vm-alarm systemd[1]: Started Forward Password Requests to Plymouth Directory Watch.
Sep 28 12:27:10 vm-alarm kernel: [    1.484688] usb 1-1: new full-speed USB device number 2 using ohci-pci
Sep 28 12:27:10 vm-alarm systemd[1]: Reached target Local Encrypted Volumes.
Sep 28 12:27:10 vm-alarm systemd[1]: Mounted /boot/efi.
Sep 28 12:27:10 vm-alarm systemd[1]: Reached target Local File Systems.
Sep 28 12:27:10 vm-alarm systemd[1]: Starting Load AppArmor profiles...
Sep 28 12:27:10 vm-alarm systemd[1]: Starting Set console font and keymap...
Sep 28 12:27:10 vm-alarm systemd[1]: Starting Tell Plymouth To Write Out Runtime Data...
Sep 28 12:27:10 vm-alarm systemd[1]: Condition check resulted in Set Up Additional Binary Formats being skipped.
Sep 28 12:27:10 vm-alarm systemd[1]: Condition check resulted in Store a System Token in an EFI Variable being skipped.
Sep 28 12:27:10 vm-alarm systemd[1]: Condition check resulted in Commit a transient machine-id on disk being skipped.
Sep 28 12:27:10 vm-alarm systemd[1]: Starting Uncomplicated firewall...
Sep 28 12:27:10 vm-alarm systemd[1]: Finished Tell Plymouth To Write Out Runtime Data.
Sep 28 12:27:10 vm-alarm kernel: [    1.547588] ACPI: video: Video Device [GFX0] (multi-head: yes  rom: no  post: no)
Sep 28 12:27:10 vm-alarm systemd[1]: Received SIGRTMIN+20 from PID 390 (plymouthd).
Sep 28 12:27:10 vm-alarm systemd[1]: Finished Set console font and keymap.
Sep 28 12:27:10 vm-alarm kernel: [    1.547768] input: Video Bus as /devices/LNXSYSTM:00/LNXSYBUS:00/PNP0A03:00/LNXVIDEO:00/input/input4
Sep 28 12:27:10 vm-alarm kernel: [    1.556699] ahci 0000:00:0d.0: version 3.0
Sep 28 12:27:10 vm-alarm systemd[1]: Finished Flush Journal to Persistent Storage.
Sep 28 12:27:10 vm-alarm kernel: [    1.558005] e1000: Intel(R) PRO/1000 Network Driver
Sep 28 12:27:10 vm-alarm kernel: [    1.558008] e1000: Copyright (c) 1999-2006 Intel Corporation.
Sep 28 12:27:10 vm-alarm kernel: [    1.558767] piix4_smbus 0000:00:07.0: SMBus Host Controller at 0x4100, revision 0
Sep 28 12:27:10 vm-alarm systemd[1]: Starting Create Volatile Files and Directories...
Sep 28 12:27:10 vm-alarm kernel: [    1.558827] ahci 0000:00:0d.0: SSS flag set, parallel bus scan disabled
Sep 28 12:27:10 vm-alarm kernel: [    1.558981] ahci 0000:00:0d.0: AHCI 0001.0100 32 slots 1 ports 3 Gbps 0x1 impl SATA mode
Sep 28 12:27:10 vm-alarm kernel: [    1.558986] ahci 0000:00:0d.0: flags: 64bit ncq stag only ccc 
Sep 28 12:27:10 vm-alarm apparmor.systemd[742]: Skipping profile in /etc/apparmor.d/disable: usr.sbin.rsyslogd
Sep 28 12:27:10 vm-alarm kernel: [    1.572735] scsi host2: ahci
Sep 28 12:27:10 vm-alarm kernel: [    1.572820] ata3: SATA max UDMA/133 abar m8192@0xf0806000 port 0xf0806100 irq 21
Sep 28 12:27:10 vm-alarm kernel: [    1.775716] input: ImExPS/2 Generic Explorer Mouse as /devices/platform/i8042/serio1/input/input5
Sep 28 12:27:10 vm-alarm systemd[1]: Condition check resulted in Dispatch Password Requests to Console Directory Watch being skipped.
Sep 28 12:27:10 vm-alarm kernel: [    1.827514] usb 1-1: New USB device found, idVendor=80ee, idProduct=0021, bcdDevice= 1.00
Sep 28 12:27:10 vm-alarm kernel: [    1.827521] usb 1-1: New USB device strings: Mfr=1, Product=3, SerialNumber=0
Sep 28 12:27:10 vm-alarm systemd[1]: Starting Load Kernel Module chromeos_pstore...
Sep 28 12:27:10 vm-alarm kernel: [    1.827523] usb 1-1: Product: USB Tablet
Sep 28 12:27:10 vm-alarm kernel: [    1.827526] usb 1-1: Manufacturer: VirtualBox
Sep 28 12:27:10 vm-alarm kernel: [    1.837810] hid: raw HID events driver (C) Jiri Kosina
Sep 28 12:27:10 vm-alarm kernel: [    1.884737] ata3: SATA link up 3.0 Gbps (SStatus 123 SControl 300)
Sep 28 12:27:10 vm-alarm systemd[1]: Starting Load Kernel Module efi_pstore...
Sep 28 12:27:10 vm-alarm kernel: [    1.884898] ata3.00: ATA-6: VBOX HARDDISK, 1.0, max UDMA/133
Sep 28 12:27:10 vm-alarm kernel: [    1.884902] ata3.00: 83886080 sectors, multi 128: LBA48 NCQ (depth 32)
Sep 28 12:27:10 vm-alarm kernel: [    1.885170] ata3.00: configured for UDMA/133
Sep 28 12:27:10 vm-alarm kernel: [    1.885278] scsi 2:0:0:0: Direct-Access     ATA      VBOX HARDDISK    1.0  PQ: 0 ANSI: 5
Sep 28 12:27:10 vm-alarm kernel: [    1.885516] sd 2:0:0:0: Attached scsi generic sg1 type 0
Sep 28 12:27:10 vm-alarm kernel: [    1.885533] sd 2:0:0:0: [sda] 83886080 512-byte logical blocks: (42.9 GB/40.0 GiB)
Sep 28 12:27:10 vm-alarm kernel: [    1.885543] sd 2:0:0:0: [sda] Write Protect is off
Sep 28 12:27:10 vm-alarm kernel: [    1.885546] sd 2:0:0:0: [sda] Mode Sense: 00 3a 00 00
Sep 28 12:27:10 vm-alarm kernel: [    1.885559] sd 2:0:0:0: [sda] Write cache: enabled, read cache: enabled, doesn't support DPO or FUA
Sep 28 12:27:10 vm-alarm kernel: [    1.885577] sd 2:0:0:0: [sda] Preferred minimum I/O size 512 bytes
Sep 28 12:27:10 vm-alarm kernel: [    1.986429] e1000 0000:00:03.0 eth0: (PCI:33MHz:32-bit) 08:00:27:dd:37:35
Sep 28 12:27:10 vm-alarm kernel: [    1.986439] e1000 0000:00:03.0 eth0: Intel(R) PRO/1000 Network Connection
Sep 28 12:27:10 vm-alarm kernel: [    2.032865]  sda: sda1 sda2 sda3
Sep 28 12:27:10 vm-alarm kernel: [    2.033205] sd 2:0:0:0: [sda] Attached SCSI disk
Sep 28 12:27:10 vm-alarm systemd[1]: Starting Load Kernel Module pstore_blk...
Sep 28 12:27:10 vm-alarm kernel: [    2.040457] e1000 0000:00:03.0 enp0s3: renamed from eth0
Sep 28 12:27:10 vm-alarm kernel: [    2.051173] usbcore: registered new interface driver usbhid
Sep 28 12:27:10 vm-alarm kernel: [    2.051176] usbhid: USB HID core driver
Sep 28 12:27:10 vm-alarm kernel: [    2.054651] input: VirtualBox USB Tablet as /devices/pci0000:00/0000:00:06.0/usb1/1-1/1-1:1.0/0003:80EE:0021.0001/input/input6
Sep 28 12:27:10 vm-alarm kernel: [    2.054941] hid-generic 0003:80EE:0021.0001: input,hidraw0: USB HID v1.10 Mouse [VirtualBox USB Tablet] on usb-0000:00:06.0-1/input0
Sep 28 12:27:10 vm-alarm systemd[1]: Starting Load Kernel Module pstore_zone...
Sep 28 12:27:10 vm-alarm kernel: [    5.651955] EXT4-fs (sda3): mounted filesystem with ordered data mode. Quota mode: none.
Sep 28 12:27:10 vm-alarm systemd[1]: Starting Load Kernel Module ramoops...
Sep 28 12:27:10 vm-alarm kernel: [    7.416316] systemd[1]: Inserted module 'autofs4'
Sep 28 12:27:10 vm-alarm kernel: [    7.608395] systemd[1]: systemd 249.11-0ubuntu3.7 running in system mode (+PAM +AUDIT +SELINUX +APPARMOR +IMA +SMACK +SECCOMP +GCRYPT +GNUTLS +OPENSSL +ACL +BLKID +CURL +ELFUTILS +FIDO2 +IDN2 -IDN +IPTC +KMOD +LIBCRYPTSETUP +LIBFDISK +PCRE2 -PWQUALITY -P11KIT -QRENCODE +BZIP2 +LZ4 +XZ +ZLIB +ZSTD -XKBCOMMON +UTMP +SYSVINIT default-hierarchy=unified)
Sep 28 12:27:10 vm-alarm kernel: [    7.608416] systemd[1]: Detected virtualization oracle.
Sep 28 12:27:10 vm-alarm systemd[1]: Condition check resulted in Set Up Additional Binary Formats being skipped.
Sep 28 12:27:10 vm-alarm systemd[1]: Condition check resulted in Store a System Token in an EFI Variable being skipped.
Sep 28 12:27:10 vm-alarm kernel: [    7.608420] systemd[1]: Detected architecture x86-64.
Sep 28 12:27:10 vm-alarm kernel: [    7.629446] systemd[1]: Hostname set to <vm-alarm>.
Sep 28 12:27:10 vm-alarm systemd[1]: Condition check resulted in Commit a transient machine-id on disk being skipped.
Sep 28 12:27:10 vm-alarm kernel: [   11.162777] systemd[1]: Queued start job for default target Graphical Interface.
Sep 28 12:27:10 vm-alarm kernel: [   11.182742] systemd[1]: Created slice Slice /system/modprobe.
Sep 28 12:27:10 vm-alarm systemd[1]: modprobe@efi_pstore.service: Deactivated successfully.
Sep 28 12:27:10 vm-alarm kernel: [   11.183335] systemd[1]: Created slice Slice /system/systemd-fsck.
Sep 28 12:27:10 vm-alarm systemd[1]: Finished Load Kernel Module efi_pstore.
Sep 28 12:27:10 vm-alarm kernel: [   11.183661] systemd[1]: Created slice User and Session Slice.
Sep 28 12:27:10 vm-alarm kernel: [   11.183765] systemd[1]: Started Forward Password Requests to Wall Directory Watch.
Sep 28 12:27:10 vm-alarm kernel: [   11.184004] systemd[1]: Set up automount Arbitrary Executable File Formats File System Automount Point.
Sep 28 12:27:10 vm-alarm kernel: [   11.184093] systemd[1]: Reached target User and Group Name Lookups.
Sep 28 12:27:10 vm-alarm systemd[1]: modprobe@pstore_blk.service: Deactivated successfully.
Sep 28 12:27:10 vm-alarm kernel: [   11.184124] systemd[1]: Reached target Remote File Systems.
Sep 28 12:27:10 vm-alarm kernel: [   11.184142] systemd[1]: Reached target Slice Units.
Sep 28 12:27:10 vm-alarm kernel: [   11.184166] systemd[1]: Reached target Mounting snaps.
Sep 28 12:27:10 vm-alarm systemd[1]: Finished Load Kernel Module pstore_blk.
Sep 28 12:27:10 vm-alarm kernel: [   11.184200] systemd[1]: Reached target System Time Set.
Sep 28 12:27:10 vm-alarm kernel: [   11.184268] systemd[1]: Reached target Local Verity Protected Volumes.
Sep 28 12:27:10 vm-alarm kernel: [   11.184431] systemd[1]: Listening on Syslog Socket.
Sep 28 12:27:10 vm-alarm kernel: [   11.184539] systemd[1]: Listening on fsck to fsckd communication Socket.
Sep 28 12:27:10 vm-alarm kernel: [   11.184610] systemd[1]: Listening on initctl Compatibility Named Pipe.
Sep 28 12:27:10 vm-alarm systemd[1]: modprobe@pstore_zone.service: Deactivated successfully.
Sep 28 12:27:10 vm-alarm kernel: [   11.184829] systemd[1]: Listening on Journal Audit Socket.
Sep 28 12:27:10 vm-alarm kernel: [   11.184954] systemd[1]: Listening on Journal Socket (/dev/log).
Sep 28 12:27:10 vm-alarm kernel: [   11.185080] systemd[1]: Listening on Journal Socket.
Sep 28 12:27:10 vm-alarm kernel: [   11.207355] systemd[1]: Listening on udev Control Socket.
Sep 28 12:27:10 vm-alarm systemd[1]: Finished Load Kernel Module pstore_zone.
Sep 28 12:27:10 vm-alarm kernel: [   11.207489] systemd[1]: Listening on udev Kernel Socket.
Sep 28 12:27:10 vm-alarm kernel: [   11.208831] systemd[1]: Mounting Huge Pages File System...
Sep 28 12:27:10 vm-alarm kernel: [   11.209980] systemd[1]: Mounting POSIX Message Queue File System...
Sep 28 12:27:10 vm-alarm kernel: [   11.211473] systemd[1]: Mounting Kernel Debug File System...
Sep 28 12:27:10 vm-alarm systemd[1]: modprobe@ramoops.service: Deactivated successfully.
Sep 28 12:27:10 vm-alarm kernel: [   11.212913] systemd[1]: Mounting Kernel Trace File System...
Sep 28 12:27:10 vm-alarm kernel: [   11.215484] systemd[1]: Starting Journal Service...
Sep 28 12:27:10 vm-alarm kernel: [   11.229014] systemd[1]: Starting Set the console keyboard layout...
Sep 28 12:27:10 vm-alarm systemd[1]: Finished Load Kernel Module ramoops.
Sep 28 12:27:10 vm-alarm kernel: [   11.230412] systemd[1]: Starting Create List of Static Device Nodes...
Sep 28 12:27:10 vm-alarm kernel: [   11.231470] systemd[1]: Starting Load Kernel Module chromeos_pstore...
Sep 28 12:27:10 vm-alarm kernel: [   11.232450] systemd[1]: Starting Load Kernel Module configfs...
Sep 28 12:27:10 vm-alarm systemd[1]: modprobe@chromeos_pstore.service: Deactivated successfully.
Sep 28 12:27:10 vm-alarm kernel: [   11.233648] systemd[1]: Starting Load Kernel Module drm...
Sep 28 12:27:10 vm-alarm kernel: [   11.234961] systemd[1]: Starting Load Kernel Module efi_pstore...
Sep 28 12:27:10 vm-alarm kernel: [   11.236071] systemd[1]: Starting Load Kernel Module fuse...
Sep 28 12:27:10 vm-alarm systemd[1]: Finished Load Kernel Module chromeos_pstore.
Sep 28 12:27:10 vm-alarm kernel: [   11.237390] systemd[1]: Starting Load Kernel Module pstore_blk...
Sep 28 12:27:10 vm-alarm kernel: [   11.239045] systemd[1]: Starting Load Kernel Module pstore_zone...
Sep 28 12:27:10 vm-alarm kernel: [   11.240374] systemd[1]: Starting Load Kernel Module ramoops...
Sep 28 12:27:10 vm-alarm kernel: [   11.240806] systemd[1]: Condition check resulted in File System Check on Root Device being skipped.
Sep 28 12:27:10 vm-alarm kernel: [   11.437401] systemd[1]: Starting Load Kernel Modules...
Sep 28 12:27:10 vm-alarm kernel: [   11.438424] systemd[1]: Starting Remount Root and Kernel File Systems...
Sep 28 12:27:10 vm-alarm systemd[1]: Condition check resulted in Platform Persistent Storage Archival being skipped.
Sep 28 12:27:10 vm-alarm kernel: [   11.439387] systemd[1]: Starting Coldplug All udev Devices...
Sep 28 12:27:10 vm-alarm kernel: [   11.441538] systemd[1]: Mounted Huge Pages File System.
Sep 28 12:27:10 vm-alarm systemd[1]: Finished Load AppArmor profiles.
Sep 28 12:27:10 vm-alarm systemd[1]: Starting Load AppArmor profiles managed internally by snapd...
Sep 28 12:27:10 vm-alarm kernel: [   11.441635] systemd[1]: Mounted POSIX Message Queue File System.
Sep 28 12:27:10 vm-alarm kernel: [   11.441725] systemd[1]: Mounted Kernel Debug File System.
Sep 28 12:27:10 vm-alarm kernel: [   11.441814] systemd[1]: Mounted Kernel Trace File System.
Sep 28 12:27:10 vm-alarm systemd[1]: proc-sys-fs-binfmt_misc.automount: Got automount request for /proc/sys/fs/binfmt_misc, triggered by 750 (snapd-apparmor)
Sep 28 12:27:10 vm-alarm kernel: [   11.442165] systemd[1]: Finished Create List of Static Device Nodes.
Sep 28 12:27:10 vm-alarm kernel: [   11.442473] systemd[1]: modprobe@configfs.service: Deactivated successfully.
Sep 28 12:27:10 vm-alarm kernel: [   11.442684] systemd[1]: Finished Load Kernel Module configfs.
Sep 28 12:27:10 vm-alarm systemd[1]: Mounting Arbitrary Executable File Formats File System...
Sep 28 12:27:10 vm-alarm systemd[1]: Mounted Arbitrary Executable File Formats File System.
Sep 28 12:27:10 vm-alarm kernel: [   11.442922] systemd[1]: modprobe@efi_pstore.service: Deactivated successfully.
Sep 28 12:27:10 vm-alarm systemd[1]: Finished Uncomplicated firewall.
Sep 28 12:27:10 vm-alarm kernel: [   11.443129] systemd[1]: Finished Load Kernel Module efi_pstore.
Sep 28 12:27:10 vm-alarm kernel: [   11.443419] systemd[1]: modprobe@fuse.service: Deactivated successfully.
Sep 28 12:27:10 vm-alarm kernel: [   11.443628] systemd[1]: Finished Load Kernel Module fuse.
Sep 28 12:27:10 vm-alarm systemd[1]: Reached target Preparation for Network.
Sep 28 12:27:10 vm-alarm kernel: [   11.443862] systemd[1]: modprobe@pstore_zone.service: Deactivated successfully.
Sep 28 12:27:10 vm-alarm snapd-apparmor[750]: main.go:124: Loading profiles [/var/lib/snapd/apparmor/profiles/snap-confine.core.15511 /var/lib/snapd/apparmor/profiles/snap-update-ns.core /var/lib/snapd/apparmor/profiles/snap-update-ns.curl /var/lib/snapd/apparmor/profiles/snap-update-ns.firefox /var/lib/snapd/apparmor/profiles/snap-update-ns.snap-store /var/lib/snapd/apparmor/profiles/snap-update-ns.snapd-desktop-integration /var/lib/snapd/apparmor/profiles/snap.core.hook.configure /var/lib/snapd/apparmor/profiles/snap.curl.curl /var/lib/snapd/apparmor/profiles/snap.firefox.firefox /var/lib/snapd/apparmor/profiles/snap.firefox.geckodriver /var/lib/snapd/apparmor/profiles/snap.firefox.hook.configure /var/lib/snapd/apparmor/profiles/snap.firefox.hook.connect-plug-host-hunspell /var/lib/snapd/apparmor/profiles/snap.firefox.hook.disconnect-plug-host-hunspell /var/lib/snapd/apparmor/profiles/snap.firefox.hook.post-refresh /var/lib/snapd/apparmor/profiles/snap.snap-store.hook.configure /var/lib/snapd/apparmor/profiles/snap.snap-store.snap-store /var/lib/snapd/apparmor/profiles/snap.snap-store.ubuntu-software /var/lib/snapd/apparmor/profiles/snap.snap-store.ubuntu-software-local-file /var/lib/snapd/apparmor/profiles/snap.snapd-desktop-integration.hook.configure /var/lib/snapd/apparmor/profiles/snap.snapd-desktop-integration.snapd-desktop-integration]
Sep 28 12:27:10 vm-alarm kernel: [   11.444067] systemd[1]: Finished Load Kernel Module pstore_zone.
Sep 28 12:27:10 vm-alarm kernel: [   11.445107] systemd[1]: Mounting FUSE Control File System...
Sep 28 12:27:10 vm-alarm kernel: [   11.445973] systemd[1]: Mounting Kernel Configuration File System...
Sep 28 12:27:10 vm-alarm systemd[1]: Finished Load AppArmor profiles managed internally by snapd.
Sep 28 12:27:10 vm-alarm kernel: [   11.446986] systemd[1]: Mounted FUSE Control File System.
Sep 28 12:27:10 vm-alarm kernel: [   11.447041] systemd[1]: Condition check resulted in VMware vmblock fuse mount being skipped.
Sep 28 12:27:10 vm-alarm kernel: [   11.447552] systemd[1]: Mounted Kernel Configuration File System.
Sep 28 12:27:10 vm-alarm systemd[1]: Finished Create Volatile Files and Directories.
Sep 28 12:27:10 vm-alarm kernel: [   11.488380] systemd[1]: modprobe@ramoops.service: Deactivated successfully.
Sep 28 12:27:10 vm-alarm systemd[1]: Starting Userspace Out-Of-Memory (OOM) Killer...
Sep 28 12:27:10 vm-alarm systemd[1]: Starting Network Name Resolution...
Sep 28 12:27:10 vm-alarm systemd[1]: Starting Network Time Synchronization...
Sep 28 12:27:10 vm-alarm systemd[1]: Starting Record System Boot/Shutdown in UTMP...
Sep 28 12:27:10 vm-alarm kernel: [   11.488735] systemd[1]: Finished Load Kernel Module ramoops.
Sep 28 12:27:10 vm-alarm systemd[1]: Condition check resulted in Authentication service for virtual machines hosted on VMware being skipped.
Sep 28 12:27:10 vm-alarm kernel: [   11.602270] EXT4-fs (sda3): re-mounted. Quota mode: none.
Sep 28 12:27:10 vm-alarm kernel: [   11.603399] systemd[1]: Finished Remount Root and Kernel File Systems.
Sep 28 12:27:10 vm-alarm kernel: [   11.618299] systemd[1]: Activating swap /swapfile...
Sep 28 12:27:10 vm-alarm systemd[1]: Condition check resulted in Service for virtual machines hosted on VMware being skipped.
Sep 28 12:27:10 vm-alarm kernel: [   11.619302] systemd[1]: Starting Load/Save Random Seed...
Sep 28 12:27:10 vm-alarm systemd[1]: Finished Record System Boot/Shutdown in UTMP.
Sep 28 12:27:10 vm-alarm systemd[1]: Started Network Time Synchronization.
Sep 28 12:27:10 vm-alarm systemd[1]: Reached target System Initialization.
Sep 28 12:27:10 vm-alarm systemd[1]: Started ACPI Events Check.
Sep 28 12:27:10 vm-alarm systemd[1]: Condition check resulted in Process error reports when automatic reporting is enabled (file watch) being skipped.
Sep 28 12:27:10 vm-alarm systemd[1]: Started CUPS Scheduler.
Sep 28 12:27:10 vm-alarm systemd[1]: Started Start whoopsie on modification of the /var/crash directory.
Sep 28 12:27:10 vm-alarm systemd[1]: Started Trigger anacron every hour.
Sep 28 12:27:10 vm-alarm systemd[1]: Condition check resulted in Process error reports when automatic reporting is enabled (timer based) being skipped.
Sep 28 12:27:10 vm-alarm systemd[1]: Started Daily apt download activities.
Sep 28 12:27:10 vm-alarm systemd[1]: Started Daily apt upgrade and clean activities.
Sep 28 12:27:10 vm-alarm systemd[1]: Started Daily dpkg database backup timer.
Sep 28 12:27:10 vm-alarm kernel: [   11.620262] systemd[1]: Starting Create System Users...
Sep 28 12:27:10 vm-alarm kernel: [   11.620592] systemd[1]: modprobe@pstore_blk.service: Deactivated successfully.
Sep 28 12:27:10 vm-alarm kernel: [   11.620873] systemd[1]: Finished Load Kernel Module pstore_blk.
Sep 28 12:27:10 vm-alarm kernel: [   11.700470] systemd[1]: Finished Coldplug All udev Devices.
Sep 28 12:27:10 vm-alarm kernel: [   11.705989] systemd[1]: modprobe@chromeos_pstore.service: Deactivated successfully.
Sep 28 12:27:10 vm-alarm kernel: [   11.706170] systemd[1]: Finished Load Kernel Module chromeos_pstore.
Sep 28 12:27:10 vm-alarm kernel: [   11.706264] systemd[1]: Condition check resulted in Platform Persistent Storage Archival being skipped.
Sep 28 12:27:10 vm-alarm systemd[1]: Started Periodic ext4 Online Metadata Check for All Filesystems.
Sep 28 12:27:10 vm-alarm systemd[1]: Started Discard unused blocks once a week.
Sep 28 12:27:10 vm-alarm systemd[1]: Started Refresh fwupd metadata regularly.
Sep 28 12:27:10 vm-alarm kernel: [   11.749986] ACPI: bus type drm_connector registered
Sep 28 12:27:10 vm-alarm systemd[1]: Started Daily rotation of log files.
Sep 28 12:27:10 vm-alarm systemd[1]: Started Daily man-db regeneration.
Sep 28 12:27:10 vm-alarm kernel: [   11.762028] systemd[1]: modprobe@drm.service: Deactivated successfully.
Sep 28 12:27:10 vm-alarm kernel: [   11.762270] systemd[1]: Finished Load Kernel Module drm.
Sep 28 12:27:10 vm-alarm kernel: [   11.853248] systemd[1]: Finished Set the console keyboard layout.
Sep 28 12:27:10 vm-alarm kernel: [   11.864036] Adding 1918304k swap on /swapfile.  Priority:-2 extents:5 across:1951072k FS
Sep 28 12:27:10 vm-alarm systemd[1]: Started Message of the Day.
Sep 28 12:27:10 vm-alarm kernel: [   11.864198] systemd[1]: Activated swap /swapfile.
Sep 28 12:27:10 vm-alarm kernel: [   11.864257] systemd[1]: Reached target Swaps.
Sep 28 12:27:10 vm-alarm systemd[1]: Condition check resulted in Timer to automatically fetch and run repair assertions being skipped.
Sep 28 12:27:10 vm-alarm kernel: [   11.877849] systemd[1]: Started Journal Service.
Sep 28 12:27:10 vm-alarm kernel: [   11.959236] systemd-journald[282]: Received client request to flush runtime journal.
Sep 28 12:27:10 vm-alarm systemd[1]: Started Daily Cleanup of Temporary Directories.
Sep 28 12:27:10 vm-alarm kernel: [   12.060969] lp: driver loaded but no devices found
Sep 28 12:27:10 vm-alarm kernel: [   12.094304] ppdev: user-space parallel port driver
Sep 28 12:27:10 vm-alarm kernel: [   12.543612] systemd-journald[282]: File /var/log/journal/b8845b444fd34d4eb590121246dda61e/system.journal corrupted or uncleanly shut down, renaming and replacing.
Sep 28 12:27:10 vm-alarm systemd[1]: Started Ubuntu Advantage Timer for running repeated jobs.
Sep 28 12:27:10 vm-alarm kernel: [   12.797314] vmwgfx 0000:00:02.0: vgaarb: deactivate vga console
Sep 28 12:27:10 vm-alarm systemd[1]: Reached target Path Units.
Sep 28 12:27:10 vm-alarm kernel: [   12.798073] Console: switching to colour dummy device 80x25
Sep 28 12:27:10 vm-alarm kernel: [   12.798846] vmwgfx 0000:00:02.0: [drm] FIFO at 0x00000000f0000000 size is 2048 kiB
Sep 28 12:27:10 vm-alarm systemd[1]: Listening on ACPID Listen Socket.
Sep 28 12:27:10 vm-alarm systemd[1]: Condition check resulted in Unix socket for apport crash forwarding being skipped.
Sep 28 12:27:10 vm-alarm kernel: [   12.798856] vmwgfx 0000:00:02.0: [drm] VRAM at 0x00000000e0000000 size is 16384 kiB
Sep 28 12:27:10 vm-alarm kernel: [   12.798863] vmwgfx 0000:00:02.0: [drm] Running on SVGA version 2.
Sep 28 12:27:10 vm-alarm kernel: [   12.798869] vmwgfx 0000:00:02.0: [drm] Capabilities: rect copy, cursor, cursor bypass, cursor bypass 2, alpha cursor, extended fifo, pitchlock, irq mask, gmr, traces, gmr2, screen object 2, command buffers, 
Sep 28 12:27:10 vm-alarm kernel: [   12.798871] vmwgfx 0000:00:02.0: [drm] DMA map mode: Caching DMA mappings.
Sep 28 12:27:10 vm-alarm kernel: [   12.798912] vmwgfx 0000:00:02.0: [drm] Legacy memory limits: VRAM = 16384 kB, FIFO = 2048 kB, surface = 507904 kB
Sep 28 12:27:10 vm-alarm kernel: [   12.798914] vmwgfx 0000:00:02.0: [drm] MOB limits: max mob size = 0 kB, max mob pages = 0
Sep 28 12:27:10 vm-alarm kernel: [   12.798916] vmwgfx 0000:00:02.0: [drm] Max GMR ids is 8192
Sep 28 12:27:10 vm-alarm kernel: [   12.798917] vmwgfx 0000:00:02.0: [drm] Max number of GMR pages is 1048576
Sep 28 12:27:10 vm-alarm kernel: [   12.798918] vmwgfx 0000:00:02.0: [drm] Maximum display memory size is 16384 kiB
Sep 28 12:27:10 vm-alarm kernel: [   12.800402] vmwgfx 0000:00:02.0: [drm] Screen Object display unit initialized
Sep 28 12:27:10 vm-alarm kernel: [   12.800598] vmwgfx 0000:00:02.0: [drm] Fifo max 0x00200000 min 0x00001000 cap 0x00000355
Sep 28 12:27:10 vm-alarm kernel: [   12.800715] vmwgfx 0000:00:02.0: [drm] Using command buffers with DMA pool.
Sep 28 12:27:10 vm-alarm kernel: [   12.800721] vmwgfx 0000:00:02.0: [drm] Available shader model: Legacy.
Sep 28 12:27:10 vm-alarm kernel: [   12.800726] [drm:vmw_host_printf [vmwgfx]] *ERROR* Failed to send host log message.
Sep 28 12:27:10 vm-alarm kernel: [   12.802018] fbcon: svgadrmfb (fb0) is primary device
Sep 28 12:27:10 vm-alarm kernel: [   12.802401] Console: switching to colour frame buffer device 100x37
Sep 28 12:27:10 vm-alarm kernel: [   12.803391] [drm] Initialized vmwgfx 2.20.0 20211206 for 0000:00:02.0 on minor 0
Sep 28 12:27:10 vm-alarm kernel: [   12.805924] loop0: detected capacity change from 0 to 8
Sep 28 12:27:10 vm-alarm kernel: [   12.807315] loop1: detected capacity change from 0 to 242136
Sep 28 12:27:10 vm-alarm systemd[1]: Listening on Avahi mDNS/DNS-SD Stack Activation Socket.
Sep 28 12:27:10 vm-alarm kernel: [   12.810985] loop2: detected capacity change from 0 to 242136
Sep 28 12:27:10 vm-alarm kernel: [   12.889057] loop3: detected capacity change from 0 to 129936
Sep 28 12:27:10 vm-alarm kernel: [   12.899881] loop4: detected capacity change from 0 to 129944
Sep 28 12:27:10 vm-alarm kernel: [   13.005271] loop5: detected capacity change from 0 to 151256
Sep 28 12:27:10 vm-alarm systemd[1]: Listening on CUPS Scheduler.
Sep 28 12:27:10 vm-alarm kernel: [   13.011633] loop6: detected capacity change from 0 to 151296
Sep 28 12:27:10 vm-alarm kernel: [   13.247771] loop7: detected capacity change from 0 to 13072
Sep 28 12:27:10 vm-alarm systemd[1]: Listening on D-Bus System Message Bus Socket.
Sep 28 12:27:10 vm-alarm kernel: [   13.269830] loop8: detected capacity change from 0 to 13136
Sep 28 12:27:10 vm-alarm kernel: [   13.275624] loop9: detected capacity change from 0 to 501768
Sep 28 12:27:10 vm-alarm kernel: [   13.282178] loop10: detected capacity change from 0 to 485808
Sep 28 12:27:10 vm-alarm kernel: [   13.395901] loop11: detected capacity change from 0 to 716168
Sep 28 12:27:10 vm-alarm systemd[1]: Starting Docker Socket for the API...
Sep 28 12:27:10 vm-alarm kernel: [   13.414415] loop12: detected capacity change from 0 to 716176
Sep 28 12:27:10 vm-alarm systemd[1]: Starting Socket activation for snappy daemon...
Sep 28 12:27:10 vm-alarm systemd[1]: Listening on UUID daemon activation socket.
Sep 28 12:27:10 vm-alarm kernel: [   13.530404] loop13: detected capacity change from 0 to 994336
Sep 28 12:27:10 vm-alarm kernel: [   13.541466] loop14: detected capacity change from 0 to 994336
Sep 28 12:27:10 vm-alarm systemd[1]: Started Userspace Out-Of-Memory (OOM) Killer.
Sep 28 12:27:10 vm-alarm kernel: [   13.560201] loop15: detected capacity change from 0 to 166424
Sep 28 12:27:10 vm-alarm kernel: [   13.563210] loop16: detected capacity change from 0 to 187776
Sep 28 12:27:10 vm-alarm kernel: [   13.787090] loop17: detected capacity change from 0 to 94064
Sep 28 12:27:10 vm-alarm kernel: [   13.803289] loop18: detected capacity change from 0 to 25240
Sep 28 12:27:10 vm-alarm systemd[1]: Listening on Docker Socket for the API.
Sep 28 12:27:10 vm-alarm kernel: [   13.832700] loop19: detected capacity change from 0 to 856
Sep 28 12:27:10 vm-alarm kernel: [   13.948337] loop20: detected capacity change from 0 to 904
Sep 28 12:27:10 vm-alarm kernel: [   16.863899] RAPL PMU: API unit is 2^-32 Joules, 0 fixed counters, 10737418240 ms ovfl timer
Sep 28 12:27:10 vm-alarm kernel: [   17.548970] cryptd: max_cpu_qlen set to 1000
Sep 28 12:27:10 vm-alarm kernel: [   18.412574] AVX2 version of gcm_enc/dec engaged.
Sep 28 12:27:10 vm-alarm kernel: [   18.413022] AES CTR mode by8 optimization enabled
Sep 28 12:27:10 vm-alarm kernel: [   18.738571] vboxguest: loading out-of-tree module taints kernel.
Sep 28 12:27:10 vm-alarm kernel: [   18.738737] vboxguest: module verification failed: signature and/or required key missing - tainting kernel
Sep 28 12:27:10 vm-alarm kernel: [   18.747520] vgdrvHeartbeatInit: Setting up heartbeat to trigger every 2000 milliseconds
Sep 28 12:27:10 vm-alarm kernel: [   18.747683] input: Unspecified device as /devices/pci0000:00/0000:00:04.0/input/input7
Sep 28 12:27:10 vm-alarm kernel: [   18.748700] vboxguest: Successfully loaded version 7.0.4 r154605
Sep 28 12:27:10 vm-alarm kernel: [   18.748735] vboxguest: misc device minor 123, IRQ 20, I/O port d040, MMIO at 00000000f0400000 (size 0x400000)
Sep 28 12:27:10 vm-alarm kernel: [   18.748738] vboxguest: Successfully loaded version 7.0.4 r154605 (interface 0x00010004)
Sep 28 12:27:10 vm-alarm kernel: [   20.918971] snd_intel8x0 0000:00:05.0: allow list rate for 1028:0177 is 48000
Sep 28 12:27:10 vm-alarm kernel: [   22.946759] audit: type=1400 audit(1695884226.404:2): apparmor="STATUS" operation="profile_load" profile="unconfined" name="nvidia_modprobe" pid=719 comm="apparmor_parser"
Sep 28 12:27:10 vm-alarm kernel: [   22.946763] audit: type=1400 audit(1695884226.404:3): apparmor="STATUS" operation="profile_load" profile="unconfined" name="nvidia_modprobe//kmod" pid=719 comm="apparmor_parser"
Sep 28 12:27:10 vm-alarm kernel: [   22.948583] audit: type=1400 audit(1695884226.404:4): apparmor="STATUS" operation="profile_load" profile="unconfined" name="/usr/bin/man" pid=722 comm="apparmor_parser"
Sep 28 12:27:10 vm-alarm systemd[1]: Listening on Socket activation for snappy daemon.
Sep 28 12:27:10 vm-alarm kernel: [   22.948587] audit: type=1400 audit(1695884226.404:5): apparmor="STATUS" operation="profile_load" profile="unconfined" name="man_filter" pid=722 comm="apparmor_parser"
Sep 28 12:27:10 vm-alarm kernel: [   22.948589] audit: type=1400 audit(1695884226.404:6): apparmor="STATUS" operation="profile_load" profile="unconfined" name="man_groff" pid=722 comm="apparmor_parser"
Sep 28 12:27:10 vm-alarm kernel: [   22.966456] audit: type=1400 audit(1695884226.424:7): apparmor="STATUS" operation="profile_load" profile="unconfined" name="libreoffice-oosplash" pid=733 comm="apparmor_parser"
Sep 28 12:27:10 vm-alarm kernel: [   22.978776] audit: type=1400 audit(1695884226.436:8): apparmor="STATUS" operation="profile_load" profile="unconfined" name="libreoffice-senddoc" pid=734 comm="apparmor_parser"
Sep 28 12:27:10 vm-alarm kernel: [   22.986092] audit: type=1400 audit(1695884226.444:9): apparmor="STATUS" operation="profile_load" profile="unconfined" name="libreoffice-xpdfimport" pid=737 comm="apparmor_parser"
Sep 28 12:27:10 vm-alarm kernel: [   22.992044] audit: type=1400 audit(1695884226.448:10): apparmor="STATUS" operation="profile_load" profile="unconfined" name="lsb_release" pid=718 comm="apparmor_parser"
Sep 28 12:27:10 vm-alarm kernel: [   23.080749] audit: type=1400 audit(1695884226.536:11): apparmor="STATUS" operation="profile_load" profile="unconfined" name="tcpdump" pid=723 comm="apparmor_parser"
Sep 28 12:27:10 vm-alarm systemd[1]: Reached target Socket Units.
Sep 28 12:27:10 vm-alarm systemd[1]: Reached target Basic System.
Sep 28 12:27:10 vm-alarm systemd[1]: Starting Accounts Service...
Sep 28 12:27:10 vm-alarm systemd[1]: Started ACPI event daemon.
Sep 28 12:27:10 vm-alarm systemd[1]: Started Run anacron jobs.
Sep 28 12:27:10 vm-alarm systemd[1]: Starting LSB: automatic crash report generation...
Sep 28 12:27:10 vm-alarm systemd[1]: Starting Avahi mDNS/DNS-SD Stack...
Sep 28 12:27:10 vm-alarm systemd[1]: Started Regular background program processing daemon.
Sep 28 12:27:10 vm-alarm systemd[1]: Started D-Bus System Message Bus.
Sep 28 12:27:10 vm-alarm systemd[1]: Starting Network Manager...
Sep 28 12:27:10 vm-alarm systemd[1]: Started Save initial kernel messages after boot.
Sep 28 12:27:10 vm-alarm systemd[1]: Starting Remove Stale Online ext4 Metadata Check Snapshots...
Sep 28 12:27:10 vm-alarm systemd[1]: Condition check resulted in getty on tty2-tty6 if dbus and logind are not available being skipped.
Sep 28 12:27:10 vm-alarm systemd[1]: Reached target Login Prompts.
Sep 28 12:27:10 vm-alarm systemd[1]: Starting Detect the available GPUs and deal with any system changes...
Sep 28 12:27:10 vm-alarm anacron[834]: Anacron 2.3 started on 2023-09-28
Sep 28 12:27:10 vm-alarm systemd[1]: Starting Record successful boot for GRUB...
Sep 28 12:27:10 vm-alarm systemd[1]: Started irqbalance daemon.
Sep 28 12:27:10 vm-alarm cron[837]: (CRON) INFO (pidfile fd = 3)
Sep 28 12:27:10 vm-alarm systemd[1]: Starting Dispatcher daemon for systemd-networkd...
Sep 28 12:27:10 vm-alarm systemd[1]: Starting Authorization Manager...
Sep 28 12:27:10 vm-alarm systemd[1]: Starting Power Profiles daemon...
Sep 28 12:27:10 vm-alarm systemd[1]: Starting System Logging Service...
Sep 28 12:27:10 vm-alarm systemd[1]: Condition check resulted in Secure Boot updates for DB and DBX being skipped.
Sep 28 12:27:10 vm-alarm systemd[1]: Condition check resulted in Userspace listener for prompt events being skipped.
Sep 28 12:27:10 vm-alarm systemd[1]: Condition check resulted in Automatically repair incorrect owner/permissions on core devices being skipped.
Sep 28 12:27:10 vm-alarm systemd[1]: Condition check resulted in Wait for the Ubuntu Core chooser trigger being skipped.
Sep 28 12:27:10 vm-alarm systemd[1]: Reached target Preparation for Logins.
Sep 28 12:27:10 vm-alarm systemd[1]: Starting Snap Daemon...
Sep 28 12:27:10 vm-alarm systemd[1]: Starting Switcheroo Control Proxy service...
Sep 28 12:27:10 vm-alarm systemd[1]: Starting User Login Management...
Sep 28 12:27:10 vm-alarm systemd[1]: Condition check resulted in Thermal Daemon Service being skipped.
Sep 28 12:27:10 vm-alarm acpid: starting up with netlink and the input layer
Sep 28 12:27:10 vm-alarm systemd-resolved[826]: Positive Trust Anchors:
Sep 28 12:27:10 vm-alarm systemd-resolved[826]: . IN DS 20326 8 2 e06d44b80b8f1d39a95c0b0d7c65d08458e880409bbc683457104237c7f8ec8d
Sep 28 12:27:10 vm-alarm systemd-resolved[826]: Negative trust anchors: home.arpa 10.in-addr.arpa 16.172.in-addr.arpa 17.172.in-addr.arpa 18.172.in-addr.arpa 19.172.in-addr.arpa 20.172.in-addr.arpa 21.172.in-addr.arpa 22.172.in-addr.arpa 23.172.in-addr.arpa 24.172.in-addr.arpa 25.172.in-addr.arpa 26.172.in-addr.arpa 27.172.in-addr.arpa 28.172.in-addr.arpa 29.172.in-addr.arpa 30.172.in-addr.arpa 31.172.in-addr.arpa 168.192.in-addr.arpa d.f.ip6.arpa corp home internal intranet lan local private test
Sep 28 12:27:10 vm-alarm cron[837]: (CRON) INFO (Running @reboot jobs)
Sep 28 12:27:10 vm-alarm acpid: 8 rules loaded
Sep 28 12:27:10 vm-alarm acpid: waiting for events: event logging is off
Sep 28 12:27:10 vm-alarm systemd[1]: Condition check resulted in Ubuntu Advantage reboot cmds being skipped.
Sep 28 12:27:10 vm-alarm systemd[1]: Starting Disk Manager...
Sep 28 12:27:10 vm-alarm systemd[1]: Starting vboxadd.service...
Sep 28 12:27:10 vm-alarm systemd[1]: Starting WPA supplicant...
Sep 28 12:27:10 vm-alarm systemd[1]: e2scrub_reap.service: Deactivated successfully.
Sep 28 12:27:10 vm-alarm systemd[1]: Finished Remove Stale Online ext4 Metadata Check Snapshots.
Sep 28 12:27:10 vm-alarm anacron[834]: Normal exit (0 jobs run)
Sep 28 12:27:10 vm-alarm systemd[1]: anacron.service: Deactivated successfully.
Sep 28 12:27:10 vm-alarm avahi-daemon[836]: Found user 'avahi' (UID 114) and group 'avahi' (GID 121).
Sep 28 12:27:10 vm-alarm udisksd[867]: udisks daemon version 2.9.4 starting
Sep 28 12:27:10 vm-alarm avahi-daemon[836]: Successfully dropped root privileges.
Sep 28 12:27:10 vm-alarm avahi-daemon[836]: avahi-daemon 0.8 starting up.
Sep 28 12:27:10 vm-alarm systemd-resolved[826]: Using system hostname 'vm-alarm'.
Sep 28 12:27:10 vm-alarm systemd[1]: Started Network Name Resolution.
Sep 28 12:27:10 vm-alarm systemd[1]: Reached target Host and Network Name Lookups.
Sep 28 12:27:10 vm-alarm apport[835]:  * Starting automatic crash report generation: apport
Sep 28 12:27:10 vm-alarm rsyslogd: imuxsock: Acquired UNIX socket '/run/systemd/journal/syslog' (fd 3) from systemd.  [v8.2112.0]
Sep 28 12:27:10 vm-alarm systemd[1]: Started System Logging Service.
Sep 28 12:27:10 vm-alarm rsyslogd: rsyslogd's groupid changed to 111
Sep 28 12:27:10 vm-alarm rsyslogd: rsyslogd's userid changed to 104
Sep 28 12:27:10 vm-alarm rsyslogd: [origin software="rsyslogd" swVersion="8.2112.0" x-pid="850" x-info="https://www.rsyslog.com"] start
Sep 28 12:27:10 vm-alarm systemd[1]: grub-common.service: Deactivated successfully.
Sep 28 12:27:10 vm-alarm systemd[1]: Finished Record successful boot for GRUB.
Sep 28 12:27:10 vm-alarm systemd[1]: Starting GRUB failed boot detection...
Sep 28 12:27:11 vm-alarm apport[835]:    ...done.
Sep 28 12:27:11 vm-alarm systemd[1]: Started LSB: automatic crash report generation.
Sep 28 12:27:11 vm-alarm systemd[1]: grub-initrd-fallback.service: Deactivated successfully.
Sep 28 12:27:11 vm-alarm systemd[1]: Finished GRUB failed boot detection.
Sep 28 12:27:12 vm-alarm systemd[1]: gpu-manager.service: Deactivated successfully.
Sep 28 12:27:12 vm-alarm systemd[1]: Finished Detect the available GPUs and deal with any system changes.
Sep 28 12:27:12 vm-alarm dbus-daemon[838]: dbus[838]: Unknown group "power" in message bus configuration file
Sep 28 12:27:13 vm-alarm dbus-daemon[838]: [system] AppArmor D-Bus mediation is enabled
Sep 28 12:27:13 vm-alarm systemd[1]: Started User Login Management.
Sep 28 12:27:13 vm-alarm dbus-daemon[838]: [system] Successfully activated service 'org.freedesktop.systemd1'
Sep 28 12:27:13 vm-alarm systemd[1]: Started Avahi mDNS/DNS-SD Stack.
Sep 28 12:27:13 vm-alarm dbus-daemon[838]: [system] Activating via systemd: service name='org.freedesktop.PolicyKit1' unit='polkit.service' requested by ':1.8' (uid=0 pid=849 comm="/usr/libexec/power-profiles-daemon " label="unconfined")
Sep 28 12:27:13 vm-alarm avahi-daemon[836]: Successfully called chroot().
Sep 28 12:27:13 vm-alarm avahi-daemon[836]: Successfully dropped remaining capabilities.
Sep 28 12:27:13 vm-alarm systemd[1]: Started Switcheroo Control Proxy service.
Sep 28 12:27:13 vm-alarm systemd[1]: Started WPA supplicant.
Sep 28 12:27:13 vm-alarm systemd[1]: Condition check resulted in Manage Sound Card State (restore and store) being skipped.
Sep 28 12:27:13 vm-alarm wpa_supplicant[869]: Successfully initialized wpa_supplicant
Sep 28 12:27:13 vm-alarm avahi-daemon[836]: No service file found in /etc/avahi/services.
Sep 28 12:27:13 vm-alarm avahi-daemon[836]: Joining mDNS multicast group on interface lo.IPv6 with address ::1.
Sep 28 12:27:13 vm-alarm avahi-daemon[836]: New relevant interface lo.IPv6 for mDNS.
Sep 28 12:27:13 vm-alarm avahi-daemon[836]: Joining mDNS multicast group on interface lo.IPv4 with address 127.0.0.1.
Sep 28 12:27:13 vm-alarm avahi-daemon[836]: New relevant interface lo.IPv4 for mDNS.
Sep 28 12:27:13 vm-alarm avahi-daemon[836]: Network interface enumeration completed.
Sep 28 12:27:13 vm-alarm avahi-daemon[836]: Registering new address record for ::1 on lo.*.
Sep 28 12:27:13 vm-alarm avahi-daemon[836]: Registering new address record for 127.0.0.1 on lo.IPv4.
Sep 28 12:27:13 vm-alarm systemd[1]: Starting Save/Restore Sound Card State...
Sep 28 12:27:13 vm-alarm alsactl[945]: alsa-lib main.c:1412:(snd_use_case_mgr_open) error: failed to import hw:0 use case configuration -2
Sep 28 12:27:13 vm-alarm systemd[1]: Finished Save/Restore Sound Card State.
Sep 28 12:27:13 vm-alarm systemd[1]: Reached target Sound Card.
Sep 28 12:27:13 vm-alarm polkitd[848]: started daemon version 0.105 using authority implementation `local' version `0.105'
Sep 28 12:27:13 vm-alarm dbus-daemon[838]: [system] Successfully activated service 'org.freedesktop.PolicyKit1'
Sep 28 12:27:13 vm-alarm systemd[1]: Started Authorization Manager.
Sep 28 12:27:13 vm-alarm systemd[1]: Starting Modem Manager...
Sep 28 12:27:13 vm-alarm systemd[1]: Started Power Profiles daemon.
Sep 28 12:27:13 vm-alarm NetworkManager[839]: <info>  [1695884233.5735] NetworkManager (version 1.36.6) is starting... (for the first time)
Sep 28 12:27:13 vm-alarm NetworkManager[839]: <info>  [1695884233.6450] Read config: /etc/NetworkManager/NetworkManager.conf (lib: 10-dns-resolved.conf, 20-connectivity-ubuntu.conf, no-mac-addr-change.conf) (run: 10-globally-managed-devices.conf) (etc: 10-ubuntu-fan.conf, default-wifi-powersave-on.conf)
Sep 28 12:27:13 vm-alarm NetworkManager[839]: <warn>  [1695884233.7499] config: state: error reading state file "/var/lib/NetworkManager/NetworkManager.state": Key file contains line 1695794874788#011Sync.LogManager#011DEBUG#011Flushing file log which is not a key-value pair, group, or comment
Sep 28 12:27:13 vm-alarm systemd[1]: Started Network Manager.
Sep 28 12:27:13 vm-alarm NetworkManager[839]: <info>  [1695884233.7665] bus-manager: acquired D-Bus service "org.freedesktop.NetworkManager"
Sep 28 12:27:13 vm-alarm systemd[1]: Reached target Network.
Sep 28 12:27:13 vm-alarm systemd[1]: Starting Network Manager Wait Online...
Sep 28 12:27:13 vm-alarm systemd[1]: Starting containerd container runtime...
Sep 28 12:27:13 vm-alarm systemd[1]: Starting CUPS Scheduler...
Sep 28 12:27:13 vm-alarm systemd[1]: Starting OpenVPN service...
Sep 28 12:27:13 vm-alarm systemd[1]: Condition check resulted in fast remote file copy program daemon being skipped.
Sep 28 12:27:13 vm-alarm NetworkManager[839]: <info>  [1695884233.8626] manager[0x55cf687fc030]: monitoring kernel firmware directory '/lib/firmware'.
Sep 28 12:27:13 vm-alarm NetworkManager[839]: <info>  [1695884233.8627] monitoring ifupdown state file '/run/network/ifstate'.
Sep 28 12:27:13 vm-alarm dbus-daemon[838]: [system] Activating via systemd: service name='org.freedesktop.hostname1' unit='dbus-org.freedesktop.hostname1.service' requested by ':1.12' (uid=0 pid=839 comm="/usr/sbin/NetworkManager --no-daemon " label="unconfined")
Sep 28 12:27:13 vm-alarm systemd[1]: Starting OpenBSD Secure Shell server...
Sep 28 12:27:13 vm-alarm systemd[1]: Starting Permit User Sessions...
Sep 28 12:27:13 vm-alarm systemd[1]: Started Unattended Upgrades Shutdown.
Sep 28 12:27:13 vm-alarm systemd[1]: Finished OpenVPN service.
Sep 28 12:27:13 vm-alarm systemd[1]: Starting Hostname Service...
Sep 28 12:27:13 vm-alarm systemd[1]: Finished Permit User Sessions.
Sep 28 12:27:13 vm-alarm systemd[1]: Starting Hold until boot process finishes up...
Sep 28 12:27:14 vm-alarm avahi-daemon[836]: Server startup complete. Host name is vm-alarm.local. Local service cookie is 1667928378.
Sep 28 12:27:14 vm-alarm dbus-daemon[838]: [system] Successfully activated service 'org.freedesktop.hostname1'
Sep 28 12:27:14 vm-alarm systemd[1]: Started Hostname Service.
Sep 28 12:27:14 vm-alarm NetworkManager[839]: <info>  [1695884234.2710] hostname: hostname: using hostnamed
Sep 28 12:27:14 vm-alarm NetworkManager[839]: <info>  [1695884234.2710] hostname: static hostname changed from (none) to "vm-alarm"
Sep 28 12:27:14 vm-alarm NetworkManager[839]: <info>  [1695884234.3420] dns-mgr[0x55cf687d92a0]: init: dns=systemd-resolved rc-manager=unmanaged (auto), plugin=systemd-resolved
Sep 28 12:27:14 vm-alarm NetworkManager[839]: <info>  [1695884234.6159] manager[0x55cf687fc030]: rfkill: Wi-Fi hardware radio set enabled
Sep 28 12:27:14 vm-alarm NetworkManager[839]: <info>  [1695884234.6160] manager[0x55cf687fc030]: rfkill: WWAN hardware radio set enabled
Sep 28 12:27:14 vm-alarm accounts-daemon[832]: started daemon version 22.07.5
Sep 28 12:27:14 vm-alarm systemd[1]: Started Accounts Service.
Sep 28 12:27:14 vm-alarm ModemManager[946]: <info>  ModemManager (version 1.20.0) starting in system bus...
Sep 28 12:27:14 vm-alarm udisksd[867]: failed to load module mdraid: libbd_mdraid.so.2: cannot open shared object file: No such file or directory
Sep 28 12:27:15 vm-alarm NetworkManager[839]: <info>  [1695884235.0485] Loaded device plugin: NMWifiFactory (/usr/lib/x86_64-linux-gnu/NetworkManager/1.36.6/libnm-device-plugin-wifi.so)
Sep 28 12:27:15 vm-alarm udisksd[867]: Failed to load the 'mdraid' libblockdev plugin
Sep 28 12:27:15 vm-alarm NetworkManager[839]: <info>  [1695884235.3833] Loaded device plugin: NMBluezManager (/usr/lib/x86_64-linux-gnu/NetworkManager/1.36.6/libnm-device-plugin-bluetooth.so)
Sep 28 12:27:15 vm-alarm NetworkManager[839]: <info>  [1695884235.4733] Loaded device plugin: NMWwanFactory (/usr/lib/x86_64-linux-gnu/NetworkManager/1.36.6/libnm-device-plugin-wwan.so)
Sep 28 12:27:15 vm-alarm NetworkManager[839]: <info>  [1695884235.7902] Loaded device plugin: NMTeamFactory (/usr/lib/x86_64-linux-gnu/NetworkManager/1.36.6/libnm-device-plugin-team.so)
Sep 28 12:27:15 vm-alarm systemd[1]: Started OpenBSD Secure Shell server.
Sep 28 12:27:15 vm-alarm NetworkManager[839]: <info>  [1695884235.8193] Loaded device plugin: NMAtmManager (/usr/lib/x86_64-linux-gnu/NetworkManager/1.36.6/libnm-device-plugin-adsl.so)
Sep 28 12:27:15 vm-alarm NetworkManager[839]: <info>  [1695884235.8195] manager: rfkill: Wi-Fi enabled by radio killswitch; enabled by state file
Sep 28 12:27:15 vm-alarm NetworkManager[839]: <info>  [1695884235.8195] manager: rfkill: WWAN enabled by radio killswitch; enabled by state file
Sep 28 12:27:15 vm-alarm NetworkManager[839]: <info>  [1695884235.8195] manager: Networking is enabled by state file
Sep 28 12:27:15 vm-alarm dbus-daemon[838]: [system] Activating via systemd: service name='org.freedesktop.nm_dispatcher' unit='dbus-org.freedesktop.nm-dispatcher.service' requested by ':1.12' (uid=0 pid=839 comm="/usr/sbin/NetworkManager --no-daemon " label="unconfined")
Sep 28 12:27:15 vm-alarm systemd[1]: Starting Network Manager Script Dispatcher Service...
Sep 28 12:27:15 vm-alarm dbus-daemon[838]: [system] Successfully activated service 'org.freedesktop.nm_dispatcher'
Sep 28 12:27:15 vm-alarm systemd[1]: Started Network Manager Script Dispatcher Service.
Sep 28 12:27:15 vm-alarm NetworkManager[839]: <info>  [1695884235.9781] settings: Loaded settings plugin: ifupdown ("/usr/lib/x86_64-linux-gnu/NetworkManager/1.36.6/libnm-settings-plugin-ifupdown.so")
Sep 28 12:27:15 vm-alarm NetworkManager[839]: <info>  [1695884235.9782] settings: Loaded settings plugin: keyfile (internal)
Sep 28 12:27:15 vm-alarm NetworkManager[839]: <info>  [1695884235.9782] ifupdown: management mode: unmanaged
Sep 28 12:27:15 vm-alarm NetworkManager[839]: <info>  [1695884235.9952] ifupdown: interfaces file /etc/network/interfaces doesn't exist
